Archive member included to satisfy reference by file (symbol)

/opt/devkitpro/libogc/lib/wii/libwiiuse.a(wpad.o)
                              main.o (WPAD_Init)
/opt/devkitpro/libogc/lib/wii/libwiiuse.a(motion_plus.o)
                              /opt/devkitpro/libogc/lib/wii/libwiiuse.a(wpad.o) (wiiuse_set_motion_plus)
/opt/devkitpro/libogc/lib/wii/libwiiuse.a(dynamics.o)
                              /opt/devkitpro/libogc/lib/wii/libwiiuse.a(wpad.o) (calculate_gforce)
/opt/devkitpro/libogc/lib/wii/libwiiuse.a(io.o)
                              /opt/devkitpro/libogc/lib/wii/libwiiuse.a(motion_plus.o) (wiiuse_disable_expansion)
/opt/devkitpro/libogc/lib/wii/libwiiuse.a(io_wii.o)
                              /opt/devkitpro/libogc/lib/wii/libwiiuse.a(wpad.o) (__wiiuse_sensorbar_enable)
/opt/devkitpro/libogc/lib/wii/libwiiuse.a(ir.o)
                              /opt/devkitpro/libogc/lib/wii/libwiiuse.a(motion_plus.o) (wiiuse_set_ir_mode)
/opt/devkitpro/libogc/lib/wii/libwiiuse.a(nunchuk.o)
                              /opt/devkitpro/libogc/lib/wii/libwiiuse.a(io.o) (nunchuk_handshake)
/opt/devkitpro/libogc/lib/wii/libwiiuse.a(wiiboard.o)
                              /opt/devkitpro/libogc/lib/wii/libwiiuse.a(io.o) (wii_board_handshake)
/opt/devkitpro/libogc/lib/wii/libwiiuse.a(wiiuse.o)
                              /opt/devkitpro/libogc/lib/wii/libwiiuse.a(wpad.o) (wiiuse_init)
/opt/devkitpro/libogc/lib/wii/libwiiuse.a(speaker.o)
                              /opt/devkitpro/libogc/lib/wii/libwiiuse.a(wpad.o) (wencdata)
/opt/devkitpro/libogc/lib/wii/libwiiuse.a(classic.o)
                              /opt/devkitpro/libogc/lib/wii/libwiiuse.a(io.o) (classic_ctrl_handshake)
/opt/devkitpro/libogc/lib/wii/libwiiuse.a(events.o)
                              /opt/devkitpro/libogc/lib/wii/libwiiuse.a(io_wii.o) (parse_event)
/opt/devkitpro/libogc/lib/wii/libwiiuse.a(guitar_hero_3.o)
                              /opt/devkitpro/libogc/lib/wii/libwiiuse.a(io.o) (guitar_hero_3_handshake)
/opt/devkitpro/libogc/lib/wii/libbte.a(bte.o)
                              /opt/devkitpro/libogc/lib/wii/libwiiuse.a(wpad.o) (BTE_Init)
/opt/devkitpro/libogc/lib/wii/libbte.a(hci.o)
                              /opt/devkitpro/libogc/lib/wii/libbte.a(bte.o) (hci_init)
/opt/devkitpro/libogc/lib/wii/libbte.a(l2cap.o)
                              /opt/devkitpro/libogc/lib/wii/libbte.a(bte.o) (l2cap_init)
/opt/devkitpro/libogc/lib/wii/libbte.a(btmemb.o)
                              /opt/devkitpro/libogc/lib/wii/libbte.a(bte.o) (btmemb_init)
/opt/devkitpro/libogc/lib/wii/libbte.a(btmemr.o)
                              /opt/devkitpro/libogc/lib/wii/libbte.a(hci.o) (btmemr_init)
/opt/devkitpro/libogc/lib/wii/libbte.a(btpbuf.o)
                              /opt/devkitpro/libogc/lib/wii/libbte.a(hci.o) (btpbuf_init)
/opt/devkitpro/libogc/lib/wii/libbte.a(physbusif.o)
                              /opt/devkitpro/libogc/lib/wii/libbte.a(bte.o) (physbusif_init)
/opt/devkitpro/libogc/lib/wii/libaesnd.a(aesndlib.o)
                              mus.o (AESND_Init)
/opt/devkitpro/libogc/lib/wii/libaesnd.a(aesnd_dsp_mixer_bin.o)
                              /opt/devkitpro/libogc/lib/wii/libaesnd.a(aesndlib.o) (aesnd_dsp_mixer_bin)
/opt/devkitpro/libogc/lib/wii/libogc.a(common_crt0.o)
                              (__app_start)
/opt/devkitpro/libogc/lib/wii/libogc.a(early_init.o)
                              /opt/devkitpro/libogc/lib/wii/libogc.a(common_crt0.o) (PPCEarlyInit)
/opt/devkitpro/libogc/lib/wii/libogc.a(default_stacks.o)
                              /opt/devkitpro/libogc/lib/wii/libogc.a(common_crt0.o) (__ppc_main_sp)
/opt/devkitpro/libogc/lib/wii/libogc.a(cache.o)
                              /opt/devkitpro/libogc/lib/wii/libaesnd.a(aesndlib.o) (PPCDCacheFlushAsync)
/opt/devkitpro/libogc/lib/wii/libogc.a(exception.o)
                              /opt/devkitpro/libogc/lib/wii/libogc.a(common_crt0.o) (PPCExcptInit)
/opt/devkitpro/libogc/lib/wii/libogc.a(exception_asm.o)
                              /opt/devkitpro/libogc/lib/wii/libogc.a(exception.o) (PPCExcptEntryGeneral)
/opt/devkitpro/libogc/lib/wii/libogc.a(interrupt.o)
                              /opt/devkitpro/libogc/lib/wii/libogc.a(common_crt0.o) (KIrqInit)
/opt/devkitpro/libogc/lib/wii/libogc.a(interrupt_asm.o)
                              /opt/devkitpro/libogc/lib/wii/libogc.a(interrupt.o) (PPCExcptIrqHandler)
/opt/devkitpro/libogc/lib/wii/libogc.a(thread.o)
                              /opt/devkitpro/libogc/lib/wii/libogc.a(common_crt0.o) (KThreadInit)
/opt/devkitpro/libogc/lib/wii/libogc.a(sync.o)
                              /opt/devkitpro/libogc/lib/wii/libogc.a(thread.o) (KThreadUpdateDynamicPrio)
/opt/devkitpro/libogc/lib/wii/libogc.a(tick.o)
                              /opt/devkitpro/libogc/lib/wii/libogc.a(interrupt.o) (KTickTaskRun)
/opt/devkitpro/libogc/lib/wii/libogc.a(newlib_syscalls.o)
[...]
Memory Configuration

Name             Origin             Length             Attributes
*default*        0x00000000         0xffffffff

Linker script and memory map

                0x00003400                        . = 0x3400

.stub
 *(.stub)
                0x80003f00                        . = 0x80003f00
                0x90002000                        PROVIDE (__Arena2Lo = 0x90002000)
                0x933e0000                        PROVIDE (__Arena2Hi = 0x933e0000)
                0x933e0000                        PROVIDE (__ipcbufferLo = 0x933e0000)
                0x93400000                        PROVIDE (__ipcbufferHi = 0x93400000)
                0x00000000                        PROVIDE (__isIPL = 0x0)
                0x800000d0                        PROVIDE (__ppc_excpt_buf = 0x800000d0)
                0x80003000                        PROVIDE (__ppc_excpt_table = 0x80003000)

.init           0x80003f00       0xa4
 *(.crt0 .crt0.*)
 .crt0.__app_start
                0x80003f00       0xa4 /opt/devkitpro/libogc/lib/wii/libogc.a(common_crt0.o)
                0x80003f00                __app_start

.text           0x80003fb0    0x56ec0
 *(SORT_NONE(.init))
 .init          0x80003fb0        0xc /opt/devkitpro/devkitPPC/lib/gcc/powerpc-eabi/15.2.0/ecrti.o
                0x80003fb0                __init
 .init          0x80003fbc        0x4 /opt/devkitpro/devkitPPC/lib/gcc/powerpc-eabi/15.2.0/crtbegin.o
 .init          0x80003fc0        0x4 /opt/devkitpro/devkitPPC/lib/gcc/powerpc-eabi/15.2.0/crtend.o
 .init          0x80003fc4       0x10 /opt/devkitpro/devkitPPC/lib/gcc/powerpc-eabi/15.2.0/ecrtn.o
 *(.text.unlikely .text.*_unlikely .text.unlikely.*)
 .text.unlikely._ZSt9terminatev
                0x80003fd4       0x24 /opt/devkitpro/devkitPPC/lib/gcc/powerpc-eabi/15.2.0/../../../../powerpc-eabi/lib/libstdc++.a(eh_terminate.o)
                0x80003fd4                _ZSt9terminatev
 .text.unlikely._ZSt10unexpectedv
                0x80003ff8       0x24 /opt/devkitpro/devkitPPC/lib/gcc/powerpc-eabi/15.2.0/../../../../powerpc-eabi/lib/libstdc++.a(eh_terminate.o)
                0x80003ff8                _ZSt10unexpectedv
 .text.unlikely._ZSt19__throw_logic_errorPKc
                0x8000401c       0x58 /opt/devkitpro/devkitPPC/lib/gcc/powerpc-eabi/15.2.0/../../../../powerpc-eabi/lib/libstdc++.a(functexcept.o)
                0x8000401c                _ZSt19__throw_logic_errorPKc
 .text.unlikely._ZSt20__throw_length_errorPKc
                0x80004074       0x58 /opt/devkitpro/devkitPPC/lib/gcc/powerpc-eabi/15.2.0/../../../../powerpc-eabi/lib/libstdc++.a(functexcept.o)
                0x80004074                _ZSt20__throw_length_errorPKc
 .text.unlikely._ZN9__gnu_cxx30__throw_concurrence_lock_errorEv
                0x800040cc       0x34 /opt/devkitpro/devkitPPC/lib/gcc/powerpc-eabi/15.2.0/../../../../powerpc-eabi/lib/libstdc++.a(eh_alloc.o)
                0x800040cc                _ZN9__gnu_cxx30__throw_concurrence_lock_errorEv
 .text.unlikely._ZN9__gnu_cxx32__throw_concurrence_unlock_errorEv
                0x80004100       0x34 /opt/devkitpro/devkitPPC/lib/gcc/powerpc-eabi/15.2.0/../../../../powerpc-eabi/lib/libstdc++.a(eh_alloc.o)
                0x80004100                _ZN9__gnu_cxx32__throw_concurrence_unlock_errorEv
 .text.unlikely.__cxa_call_terminate
                0x80004134       0x58 /opt/devkitpro/devkitPPC/lib/gcc/powerpc-eabi/15.2.0/../../../../powerpc-eabi/lib/libstdc++.a(eh_call.o)
                0x80004134                __cxa_call_terminate
 .text.unlikely.abort
                0x8000418c       0x2c /opt/devkitpro/devkitPPC/lib/gcc/powerpc-eabi/15.2.0/../../../../powerpc-eabi/lib/libsysbase.a(libsysbase_libsysbase_a-abort.o)
                0x8000418c                abort
 *(.text.exit .text.exit.*)
 .text.exit._GLOBAL__sub_D__ZN3gfx7madrectE
                0x800041b8       0x20 gfx.o
 .text.exit._GLOBAL__sub_D__ZN3mus9musicfadeE
                0x800041d8       0x48 mus.o
 .text.exit._GLOBAL__sub_D__ZN9__gnu_cxx9__freeresEv
                0x80004220       0x14 /opt/devkitpro/devkitPPC/lib/gcc/powerpc-eabi/15.2.0/../../../../powerpc-eabi/lib/libstdc++.a(eh_alloc.o)
 .text.exit._GLOBAL__sub_D__ZN17__eh_globals_init7_S_initE
                0x80004234       0x40 /opt/devkitpro/devkitPPC/lib/gcc/powerpc-eabi/15.2.0/../../../../powerpc-eabi/lib/libstdc++.a(eh_globals.o)
 .text.exit     0x80004274       0x3c /opt/devkitpro/devkitPPC/lib/gcc/powerpc-eabi/15.2.0/../../../../powerpc-eabi/lib/libc.a(libc_a-exit.o)
                0x80004274                exit
 *(.text.startup .text.startup.*)
 .text.startup._GLOBAL__sub_I__ZN3gfx7madrectE
                0x800042b0       0x1c gfx.o
 .text.startup.main
                0x800042cc      0x4b4 main.o
                0x800042cc                main
 .text.startup._GLOBAL__sub_I_gmain
                0x80004780       0x58 main.o
 .text.startup._GLOBAL__sub_I__ZN3mus9musicfadeE
                0x800047d8       0x58 mus.o
 .text.startup._GLOBAL__sub_I__ZN9__gnu_cxx9__freeresEv
                0x80004830      0x258 /opt/devkitpro/devkitPPC/lib/gcc/powerpc-eabi/15.2.0/../../../../powerpc-eabi/lib/libstdc++.a(eh_alloc.o)
 .text.startup._GLOBAL__sub_I__ZN17__eh_globals_init7_S_initE
                0x80004a88       0x40 /opt/devkitpro/devkitPPC/lib/gcc/powerpc-eabi/15.2.0/../../../../powerpc-eabi/lib/libstdc++.a(eh_globals.o)
 .text.startup.register_fini
                0x80004ac8        0xc /opt/devkitpro/devkitPPC/lib/gcc/powerpc-eabi/15.2.0/../../../../powerpc-eabi/lib/libc.a(libc_a-__call_atexit.o)
 *(.text.hot .text.hot.*)
 *(SORT_BY_NAME(.text.sorted.*))
 *(.text .iplt .stub .text.* .gnu.linkonce.t.*)
 .text.__do_global_dtors_aux
                0x80004ad4       0xcc /opt/devkitpro/devkitPPC/lib/gcc/powerpc-eabi/15.2.0/crtbegin.o
 .text.frame_dummy
                0x80004ba0       0x24 /opt/devkitpro/devkitPPC/lib/gcc/powerpc-eabi/15.2.0/crtbegin.o
 *fill*         0x80004bc4        0x0 00000000
 .iplt          0x80004bc4        0x0 /opt/devkitpro/devkitPPC/lib/gcc/powerpc-eabi/15.2.0/crtbegin.o
 .text._ZN8entclass5clearEv
                0x80004bc4       0xc8 ent.o
                0x80004bc4                _ZN8entclass5clearEv
 .text._ZN11entityclass11checkblocksEv
                0x80004c8c       0xec entity.o
                0x80004c8c                _ZN11entityclass11checkblocksEv
 .text._ZN11entityclass18createsimpleentityEddddiiii
                0x80004d78      0x22c entity.o
                0x80004d78                _ZN11entityclass18createsimpleentityEddddiiii
 .text._ZN11entityclass15animateentitiesEi
                0x80004fa4       0x6c entity.o
                0x80004fa4                _ZN11entityclass15animateentitiesEi
 .text._ZN11entityclass7cleanupEv
                0x80005010      0x1a0 entity.o
                0x80005010                _ZN11entityclass7cleanupEv
 .text._ZN11entityclass12checktriggerEv
                0x800051b0      0x280 entity.o
                0x800051b0                _ZN11entityclass12checktriggerEv
 .text._ZN11entityclass9checkwallEP8mapclass
                0x80005430      0x4f0 entity.o
                0x80005430                _ZN11entityclass9checkwallEP8mapclass
 .text._ZN11entityclass10testwallsxEP8mapclassiii
                0x80005920      0x284 entity.o
                0x80005920                _ZN11entityclass10testwallsxEP8mapclassiii
 .text._ZN11entityclass10testwallsyEP8mapclassiii
                0x80005ba4      0x284 entity.o
                0x80005ba4                _ZN11entityclass10testwallsyEP8mapclassiii
 .text._ZN11entityclass18entitymapcollisionEP8mapclassi
                0x80005e28      0x178 entity.o
                0x80005e28                _ZN11entityclass18entitymapcollisionEP8mapclassi
 .text._ZN11entityclass12createentityEddiddi
                0x80005fa0      0x5f8 entity.o
                0x80005fa0                _ZN11entityclass12createentityEddiddi
 .text._ZN11entityclass14updateentitiesEiP9gameclass
                0x80006598      0xba0 entity.o
                0x80006598                _ZN11entityclass14updateentitiesEiP9gameclass
 .text._ZN11entityclass13applyfrictionEidd
                0x80007138      0x194 entity.o
                0x80007138                _ZN11entityclass13applyfrictionEidd
 .text._ZN11entityclass17updateentitylogicEi
                0x800072cc      0x160 entity.o
                0x800072cc                _ZN11entityclass17updateentitylogicEi
 .text._ZN11entityclass18entitycollidefloorEP8mapclassi
                0x8000742c      0x138 entity.o
                0x8000742c                _ZN11entityclass18entitycollidefloorEP8mapclassi
 .text._ZN11entityclass13entitycollideEii
                0x80007564      0x288 entity.o
                0x80007564                _ZN11entityclass13entitycollideEii
 .text._ZN11entityclass20entitycollisioncheckEP9gameclassP8mapclass
                0x800077ec      0x32c entity.o
                0x800077ec                _ZN11entityclass20entitycollisioncheckEP9gameclassP8mapclass
 .text._ZN11entityclass20updatesimpleentitiesEi
                0x80007b18       0xc0 entity.o
                0x80007b18                _ZN11entityclass20updatesimpleentitiesEi
 .text._ZN9Rectangle10intersectsES_
                0x80007bd8       0x94 flashgeom.o
                0x80007bd8                _ZN9Rectangle10intersectsES_
 .text._ZN4font9makebfontEv
                0x80007c6c       0x88 font.o
                0x80007c6c                _ZN4font9makebfontEv
 .text._ZN4font15calccenterxfontEPcd
                0x80007cf4       0x5c font.o
                0x80007cf4                _ZN4font15calccenterxfontEPcd
 .text._ZN4font9printtextEPcdddddd
                0x80007d50      0x320 font.o
                0x80007d50                _ZN4font9printtextEPcdddddd
 .text._ZN9gameclass5resetEP11entityclass
                0x80008070       0x4c gameclass.o
                0x80008070                _ZN9gameclass5resetEP11entityclass
 .text._ZN9gameclass5startEP11entityclass
                0x800080bc       0x2c gameclass.o
                0x800080bc                _ZN9gameclass5startEP11entityclass
 .text._ZN9gameclass11updatestateEP11entityclass
                0x800080e8     0x1434 gameclass.o
                0x800080e8                _ZN9gameclass11updatestateEP11entityclass
 .text._ZN3gfx15makespritearrayEv
                0x8000951c       0x8c gfx.o
                0x8000951c                _ZN3gfx15makespritearrayEv
 .text._ZN3gfx4initEv
                0x800095a8        0x4 gfx.o
                0x800095a8                _ZN3gfx4initEv
 .text._ZN3gfx13bigdrawspriteEiiiddddd
                0x800095ac      0x31c gfx.o
                0x800095ac                _ZN3gfx13bigdrawspriteEiiiddddd
 .text._ZN3gfx11makefunkybgEv
                0x800098c8      0x2f0 gfx.o
                0x800098c8                _ZN3gfx11makefunkybgEv
 .text._ZN3gfx15funkybackgroundEi
                0x80009bb8      0x884 gfx.o
                0x80009bb8                _ZN3gfx15funkybackgroundEi
 .text._ZN3gfx11screenshakeEPA4_f
                0x8000a43c      0x108 gfx.o
                0x8000a43c                _ZN3gfx11screenshakeEPA4_f
 .text._ZN3gfx6renderEP9gameclassPA4_f
                0x8000a544       0xd8 gfx.o
                0x8000a544                _ZN3gfx6renderEP9gameclassPA4_f
 .text._ZN3gfx5printEddPcdddi
                0x8000a61c      0x144 gfx.o
                0x8000a61c                _ZN3gfx5printEddPcdddi
 .text._ZN3gfx8bigprintEddPcdddii
                0x8000a760      0x184 gfx.o
                0x8000a760                _ZN3gfx8bigprintEddPcdddii
 .text._ZN3gfx8fillrectEiiiidddd
                0x8000a8e4      0x1d8 gfx.o
                0x8000a8e4                _ZN3gfx8fillrectEiiiidddd
 .text._ZN3gfx16drawrectparticleEP9gameclassP11entityclassi.part.0
                0x8000aabc      0x500 gfx.o
 .text._ZN3gfx12drawentitiesEP9gameclassP11entityclass
                0x8000afbc      0x278 gfx.o
                0x8000afbc                _ZN3gfx12drawentitiesEP9gameclassP11entityclass
 .text._ZN3gfx18drawsimpleentitiesEP11entityclass
                0x8000b234      0x1e8 gfx.o
                0x8000b234                _ZN3gfx18drawsimpleentitiesEP11entityclass
 .text._ZN4help7getsineEi
                0x8000b41c       0x28 help.o
                0x8000b41c                _ZN4help7getsineEi
 .text._ZN4help9getcosineEi
                0x8000b444       0x28 help.o
                0x8000b444                _ZN4help9getcosineEi
 .text._ZN4help4initEv
                0x8000b46c      0x110 help.o
                0x8000b46c                _ZN4help4initEv
 .text._ZN4help10updateglowEv
                0x8000b57c       0x6c help.o
                0x8000b57c                _ZN4help10updateglowEv
 .text._ZN8mapclass4initEv
                0x8000b5e8       0x44 map.o
                0x8000b5e8                _ZN8mapclass4initEv
 .text._ZN8mapclass7collideEii
                0x8000b62c       0x44 map.o
                0x8000b62c                _ZN8mapclass7collideEii
 .text._ZN9memrrtiks10gamerenderEPA4_f.part.0
                0x8000b670      0x53c memrrtiks.o
 .text._ZN9memrrtiksC2Ev
                0x8000bbac      0x130 memrrtiks.o
                0x8000bbac                _ZN9memrrtiksC1Ev
                0x8000bbac                _ZN9memrrtiksC2Ev
 .text._ZN9memrrtiks8gameinitEv
                0x8000bcdc      0x138 memrrtiks.o
                0x8000bcdc                _ZN9memrrtiks8gameinitEv
 .text._ZN9memrrtiks9gamelogicEv
                0x8000be14      0x228 memrrtiks.o
                0x8000be14                _ZN9memrrtiks9gamelogicEv
 .text._ZN9memrrtiks9gameinputEv
                0x8000c03c      0x500 memrrtiks.o
                0x8000c03c                _ZN9memrrtiks9gameinputEv
 .text._ZN9memrrtiks10titleinputEv
                0x8000c53c       0xc4 memrrtiks.o
                0x8000c53c                _ZN9memrrtiks10titleinputEv
 .text._ZN9memrrtiks5inputEv
                0x8000c600       0xcc memrrtiks.o
                0x8000c600                _ZN9memrrtiks5inputEv
 .text._ZN9memrrtiks11titlerenderEv
                0x8000c6cc       0xf0 memrrtiks.o
                0x8000c6cc                _ZN9memrrtiks11titlerenderEv
 .text._ZN9memrrtiks6renderEPA4_f
                0x8000c7bc       0xd4 memrrtiks.o
                0x8000c7bc                _ZN9memrrtiks6renderEPA4_f
 .text._ZN9memrrtiks8mainloopEPA4_f
                0x8000c890       0xcc memrrtiks.o
                0x8000c890                _ZN9memrrtiks8mainloopEPA4_f
 .text._ZN3musL20__aesndvoicecallbackEP9aesndpb_tj
                0x8000c95c        0x4 mus.o
 .text._ZN3mus4initEv
                0x8000c960       0x9c mus.o
                0x8000c960                _ZN3mus4initEv
 .text._ZN3mus16processmusicfadeEv
                0x8000c9fc       0xfc mus.o
                0x8000c9fc                _ZN3mus16processmusicfadeEv
 .text._ZN3mus18processmusicfadeinEv
                0x8000caf8       0xe4 mus.o
                0x8000caf8                _ZN3mus18processmusicfadeinEv
 .text._ZN3mus12processmusicEv
                0x8000cbdc       0x64 mus.o
                0x8000cbdc                _ZN3mus12processmusicEv
 .text._ZN3mus7fadeoutEv
                0x8000cc40       0x1c mus.o
                0x8000cc40                _ZN3mus7fadeoutEv
 .text._ZN3mus4playEi
                0x8000cc5c       0xf4 mus.o
                0x8000cc5c                _ZN3mus4playEi
 .text._ZN3mus6playefEii
                0x8000cd50      0x110 mus.o
                0x8000cd50                _ZN3mus6playefEii
 .text._ZNSt12_Vector_baseIPvSaIS0_EED2Ev
                0x8000ce60       0x1c mus.o
                0x8000ce60                _ZNSt12_Vector_baseIPvSaIS0_EED1Ev
                0x8000ce60                _ZNSt12_Vector_baseIPvSaIS0_EED2Ev
 .text._ZNSt12_Vector_baseIiSaIiEED2Ev
                0x8000ce7c       0x1c mus.o
                0x8000ce7c                _ZNSt12_Vector_baseIiSaIiEED1Ev
                0x8000ce7c                _ZNSt12_Vector_baseIiSaIiEED2Ev
 .text._ZNSt6vectorIPvSaIS0_EE17_M_realloc_appendIJRKS0_EEEvDpOT_
                0x8000ce98       0xf8 mus.o
                0x8000ce98                _ZNSt6vectorIPvSaIS0_EE17_M_realloc_appendIJRKS0_EEEvDpOT_
 .text._ZNSt6vectorIiSaIiEE17_M_realloc_appendIJiEEEvDpOT_
                0x8000cf90       0xf8 mus.o
                0x8000cf90                _ZNSt6vectorIiSaIiEE17_M_realloc_appendIJiEEEvDpOT_
 .text._ZN3mus6pushefEPvj
                0x8000d088       0xc4 mus.o
                0x8000d088                _ZN3mus6pushefEPvj
 .text._ZN3mus8pushsongEPvj
                0x8000d14c       0xc4 mus.o
                0x8000d14c                _ZN3mus8pushsongEPvj
 .text._ZN14simpleentclass5clearEv
                0x8000d210       0x40 simpleent.o
                0x8000d210                _ZN14simpleentclass5clearEv
 .text.__wpad_setevtfilter_finished
                0x8000d250       0x60 /opt/devkitpro/libogc/lib/wii/libwiiuse.a(wpad.o)
 .text.__wpad_disconnectCB
                0x8000d2b0      0x1a8 /opt/devkitpro/libogc/lib/wii/libwiiuse.a(wpad.o)
                0x8000d2b0                __wpad_disconnectCB
 .text.__wpad_hostsyncbuttonCB
                0x8000d458       0x7c /opt/devkitpro/libogc/lib/wii/libwiiuse.a(wpad.o)
 .text.GetActiveSlot
                0x8000d4d4       0x8c /opt/devkitpro/libogc/lib/wii/libwiiuse.a(wpad.o)
 .text.__wpad_assign_slot
                0x8000d560      0x160 /opt/devkitpro/libogc/lib/wii/libwiiuse.a(wpad.o)
                0x8000d560                __wpad_assign_slot
 .text.__wpad_register_new
                0x8000d6c0      0x460 /opt/devkitpro/libogc/lib/wii/libwiiuse.a(wpad.o)
                0x8000d6c0                __wpad_register_new
 .text.__wpad_def_powcb
                0x8000db20        0x4 /opt/devkitpro/libogc/lib/wii/libwiiuse.a(wpad.o)
 .text.__wpad_read_remote_name_finished
                0x8000db24      0x23c /opt/devkitpro/libogc/lib/wii/libwiiuse.a(wpad.o)
                0x8000db24                __wpad_read_remote_name_finished
 .text.__wpad_inquiry_finished
                0x8000dd60      0x124 /opt/devkitpro/libogc/lib/wii/libwiiuse.a(wpad.o)
                0x8000dd60                __wpad_inquiry_finished
 .text.__wpad_confsave_thread_func
                0x8000de84       0x58 /opt/devkitpro/libogc/lib/wii/libwiiuse.a(wpad.o)
 .text.__initcore_finished
                0x8000dedc       0x90 /opt/devkitpro/libogc/lib/wii/libwiiuse.a(wpad.o)
 .text.__readlinkkey_finished
                0x8000df6c      0x124 /opt/devkitpro/libogc/lib/wii/libwiiuse.a(wpad.o)
 .text.__wpad_patch_finished
                0x8000e090       0x7c /opt/devkitpro/libogc/lib/wii/libwiiuse.a(wpad.o)
 .text.__wpad_init_finished
                0x8000e10c       0x88 /opt/devkitpro/libogc/lib/wii/libwiiuse.a(wpad.o)
 .text.__wpad_linkkeynotCB
                0x8000e194      0x320 /opt/devkitpro/libogc/lib/wii/libwiiuse.a(wpad.o)
 .text.__wpad_linkkeyreqCB
                0x8000e4b4      0x16c /opt/devkitpro/libogc/lib/wii/libwiiuse.a(wpad.o)
 .text.__wpad_connreqCB
                0x8000e620      0x2bc /opt/devkitpro/libogc/lib/wii/libwiiuse.a(wpad.o)
 .text.__wpad_setfmt
                0x8000e8dc      0x14c /opt/devkitpro/libogc/lib/wii/libwiiuse.a(wpad.o)
 .text.__wpad_eventCB
                0x8000ea28      0xbd8 /opt/devkitpro/libogc/lib/wii/libwiiuse.a(wpad.o)
 .text.__wpad_timeouthandler
                0x8000f600       0xd8 /opt/devkitpro/libogc/lib/wii/libwiiuse.a(wpad.o)
 .text.__WPADClearActiveList
                0x8000f6d8      0x110 /opt/devkitpro/libogc/lib/wii/libwiiuse.a(wpad.o)
                0x8000f6d8                __WPADClearActiveList
 .text.WPAD_WipeSavedControllers
                0x8000f7e8      0x138 /opt/devkitpro/libogc/lib/wii/libwiiuse.a(wpad.o)
                0x8000f7e8                WPAD_WipeSavedControllers
 .text.__wpad_def_hostsynccb
                0x8000f920       0x60 /opt/devkitpro/libogc/lib/wii/libwiiuse.a(wpad.o)
 .text.WPAD_ReadEvent
                0x8000f980      0x684 /opt/devkitpro/libogc/lib/wii/libwiiuse.a(wpad.o)
                0x8000f980                WPAD_ReadEvent
 .text.WPAD_ReadPending
                0x80010004      0x1b4 /opt/devkitpro/libogc/lib/wii/libwiiuse.a(wpad.o)
                0x80010004                WPAD_ReadPending
 .text.WPAD_Shutdown
                0x800101b8      0x13c /opt/devkitpro/libogc/lib/wii/libwiiuse.a(wpad.o)
                0x800101b8                WPAD_Shutdown
 .text.WPAD_Init
                0x800102f4      0x30c /opt/devkitpro/libogc/lib/wii/libwiiuse.a(wpad.o)
                0x800102f4                WPAD_Init
 .text.__wpad_onreset
                0x80010600       0x34 /opt/devkitpro/libogc/lib/wii/libwiiuse.a(wpad.o)
 .text.WPAD_ScanPads
                0x80010634       0x7c /opt/devkitpro/libogc/lib/wii/libwiiuse.a(wpad.o)
                0x80010634                WPAD_ScanPads
 .text.WPAD_Data
                0x800106b0       0x24 /opt/devkitpro/libogc/lib/wii/libwiiuse.a(wpad.o)
                0x800106b0                WPAD_Data
 .text.WPAD_ButtonsDown
                0x800106d4       0x28 /opt/devkitpro/libogc/lib/wii/libwiiuse.a(wpad.o)
                0x800106d4                WPAD_ButtonsDown
 .text.WPAD_ButtonsHeld
                0x800106fc       0x28 /opt/devkitpro/libogc/lib/wii/libwiiuse.a(wpad.o)
                0x800106fc                WPAD_ButtonsHeld
 .text.motion_plus_disconnected
                0x80010724       0x10 /opt/devkitpro/libogc/lib/wii/libwiiuse.a(motion_plus.o)
                0x80010724                motion_plus_disconnected
 .text.motion_plus_event
                0x80010734       0x64 /opt/devkitpro/libogc/lib/wii/libwiiuse.a(motion_plus.o)
                0x80010734                motion_plus_event
 .text.calculate_gforce
                0x80010798      0x114 /opt/devkitpro/libogc/lib/wii/libwiiuse.a(dynamics.o)
                0x80010798                calculate_gforce
 .text.calc_joystick_state
                0x800108ac      0x208 /opt/devkitpro/libogc/lib/wii/libwiiuse.a(dynamics.o)
                0x800108ac                calc_joystick_state
 .text.apply_smoothing
                0x80010ab4      0x110 /opt/devkitpro/libogc/lib/wii/libwiiuse.a(dynamics.o)
                0x80010ab4                apply_smoothing
 .text.calculate_orientation
                0x80010bc4      0x360 /opt/devkitpro/libogc/lib/wii/libwiiuse.a(dynamics.o)
                0x80010bc4                calculate_orientation
 .text.calc_balanceboard_state
                0x80010f24      0x3a4 /opt/devkitpro/libogc/lib/wii/libwiiuse.a(dynamics.o)
                0x80010f24                calc_balanceboard_state
 .text.wiiuse_handshake
                0x800112c8      0x24c /opt/devkitpro/libogc/lib/wii/libwiiuse.a(io.o)
                0x800112c8                wiiuse_handshake
 .text.wiiuse_handshake_expansion
                0x80011514      0x214 /opt/devkitpro/libogc/lib/wii/libwiiuse.a(io.o)
                0x80011514                wiiuse_handshake_expansion
 .text.wiiuse_handshake_expansion_start
                0x80011728       0x5c /opt/devkitpro/libogc/lib/wii/libwiiuse.a(io.o)
                0x80011728                wiiuse_handshake_expansion_start
 .text.wiiuse_disable_expansion
                0x80011784      0x1b0 /opt/devkitpro/libogc/lib/wii/libwiiuse.a(io.o)
                0x80011784                wiiuse_disable_expansion
 .text.__wiiuse_accept_step2
                0x80011934       0x5c /opt/devkitpro/libogc/lib/wii/libwiiuse.a(io_wii.o)
 .text.__wiiuse_connected
                0x80011990       0xac /opt/devkitpro/libogc/lib/wii/libwiiuse.a(io_wii.o)
 .text.__wiiuse_disconnected
                0x80011a3c       0xc8 /opt/devkitpro/libogc/lib/wii/libwiiuse.a(io_wii.o)
 .text.__wiiuse_receive
                0x80011b04       0xc4 /opt/devkitpro/libogc/lib/wii/libwiiuse.a(io_wii.o)
 .text.__wiiuse_connect_step2
                0x80011bc8       0x5c /opt/devkitpro/libogc/lib/wii/libwiiuse.a(io_wii.o)
 .text.__wiiuse_sensorbar_enable
                0x80011c24       0x50 /opt/devkitpro/libogc/lib/wii/libwiiuse.a(io_wii.o)
                0x80011c24                __wiiuse_sensorbar_enable
 .text.wiiuse_accept
                0x80011c74      0x15c /opt/devkitpro/libogc/lib/wii/libwiiuse.a(io_wii.o)
                0x80011c74                wiiuse_accept
 .text.wiiuse_connect
                0x80011dd0      0x15c /opt/devkitpro/libogc/lib/wii/libwiiuse.a(io_wii.o)
                0x80011dd0                wiiuse_connect
 .text.wiiuse_disconnect
                0x80011f2c       0x50 /opt/devkitpro/libogc/lib/wii/libwiiuse.a(io_wii.o)
                0x80011f2c                wiiuse_disconnect
 .text.wiiuse_init_cmd_queue
                0x80011f7c       0xa4 /opt/devkitpro/libogc/lib/wii/libwiiuse.a(io_wii.o)
                0x80011f7c                wiiuse_init_cmd_queue
 .text.wiiuse_io_write
                0x80012020       0x1c /opt/devkitpro/libogc/lib/wii/libwiiuse.a(io_wii.o)
                0x80012020                wiiuse_io_write
 .text.rotate_dots
                0x8001203c      0x134 /opt/devkitpro/libogc/lib/wii/libwiiuse.a(ir.o)
 .text.wiiuse_set_ir_mode
                0x80012170       0x5c /opt/devkitpro/libogc/lib/wii/libwiiuse.a(ir.o)
                0x80012170                wiiuse_set_ir_mode
 .text.wiiuse_set_ir
                0x800121cc      0x26c /opt/devkitpro/libogc/lib/wii/libwiiuse.a(ir.o)
                0x800121cc                wiiuse_set_ir
 .text.wiiuse_set_ir_position
                0x80012438       0x80 /opt/devkitpro/libogc/lib/wii/libwiiuse.a(ir.o)
                0x80012438                wiiuse_set_ir_position
 .text.wiiuse_set_aspect_ratio
                0x800124b8       0xac /opt/devkitpro/libogc/lib/wii/libwiiuse.a(ir.o)
                0x800124b8                wiiuse_set_aspect_ratio
 .text.wiiuse_set_ir_sensitivity
                0x80012564      0x190 /opt/devkitpro/libogc/lib/wii/libwiiuse.a(ir.o)
                0x80012564                wiiuse_set_ir_sensitivity
 .text.calculate_basic_ir
                0x800126f4       0xe8 /opt/devkitpro/libogc/lib/wii/libwiiuse.a(ir.o)
                0x800126f4                calculate_basic_ir
 .text.calculate_extended_ir
                0x800127dc       0x64 /opt/devkitpro/libogc/lib/wii/libwiiuse.a(ir.o)
                0x800127dc                calculate_extended_ir
 .text.find_sensorbar
                0x80012840      0xb00 /opt/devkitpro/libogc/lib/wii/libwiiuse.a(ir.o)
                0x80012840                find_sensorbar
 .text.apply_ir_smoothing
                0x80013340      0x120 /opt/devkitpro/libogc/lib/wii/libwiiuse.a(ir.o)
                0x80013340                apply_ir_smoothing
 .text.interpret_ir_data
                0x80013460      0x3d0 /opt/devkitpro/libogc/lib/wii/libwiiuse.a(ir.o)
                0x80013460                interpret_ir_data
 .text.nunchuk_handshake
                0x80013830      0x390 /opt/devkitpro/libogc/lib/wii/libwiiuse.a(nunchuk.o)
                0x80013830                nunchuk_handshake
 .text.nunchuk_disconnected
                0x80013bc0        0xc /opt/devkitpro/libogc/lib/wii/libwiiuse.a(nunchuk.o)
                0x80013bc0                nunchuk_disconnected
 .text.nunchuk_event
                0x80013bcc       0xe8 /opt/devkitpro/libogc/lib/wii/libwiiuse.a(nunchuk.o)
                0x80013bcc                nunchuk_event
 .text.wii_board_handshake
                0x80013cb4      0x28c /opt/devkitpro/libogc/lib/wii/libwiiuse.a(wiiboard.o)
                0x80013cb4                wii_board_handshake
 .text.wii_board_disconnected
                0x80013f40        0xc /opt/devkitpro/libogc/lib/wii/libwiiuse.a(wiiboard.o)
                0x80013f40                wii_board_disconnected
 .text.wii_board_event
                0x80013f4c       0x24 /opt/devkitpro/libogc/lib/wii/libwiiuse.a(wiiboard.o)
                0x80013f4c                wii_board_event
 .text.wiiuse_send_next_command
                0x80013f70       0x58 /opt/devkitpro/libogc/lib/wii/libwiiuse.a(wiiuse.o)
                0x80013f70                wiiuse_send_next_command
 .text.wiiuse_init
                0x80013fc8      0x1fc /opt/devkitpro/libogc/lib/wii/libwiiuse.a(wiiuse.o)
                0x80013fc8                wiiuse_init
 .text.wiiuse_set_flags
                0x800141c4       0x28 /opt/devkitpro/libogc/lib/wii/libwiiuse.a(wiiuse.o)
                0x800141c4                wiiuse_set_flags
 .text.wiiuse_read_data
                0x800141ec      0x120 /opt/devkitpro/libogc/lib/wii/libwiiuse.a(wiiuse.o)
                0x800141ec                wiiuse_read_data
 .text.wiiuse_write_data
                0x8001430c      0x158 /opt/devkitpro/libogc/lib/wii/libwiiuse.a(wiiuse.o)
                0x8001430c                wiiuse_write_data
 .text.wiiuse_sendcmd
                0x80014464      0x13c /opt/devkitpro/libogc/lib/wii/libwiiuse.a(wiiuse.o)
                0x80014464                wiiuse_sendcmd
 .text.wiiuse_set_leds
                0x800145a0       0x50 /opt/devkitpro/libogc/lib/wii/libwiiuse.a(wiiuse.o)
                0x800145a0                wiiuse_set_leds
 .text.wiiuse_set_report_type
                0x800145f0       0xb4 /opt/devkitpro/libogc/lib/wii/libwiiuse.a(wiiuse.o)
                0x800145f0                wiiuse_set_report_type
 .text.wiiuse_status
                0x800146a4       0x4c /opt/devkitpro/libogc/lib/wii/libwiiuse.a(wiiuse.o)
                0x800146a4                wiiuse_status
 .text.wiiuse_motion_sensing
                0x800146f0       0x84 /opt/devkitpro/libogc/lib/wii/libwiiuse.a(wiiuse.o)
                0x800146f0                wiiuse_motion_sensing
 .text.wiiuse_set_speaker
                0x80014774      0x258 /opt/devkitpro/libogc/lib/wii/libwiiuse.a(speaker.o)
                0x80014774                wiiuse_set_speaker
 .text.classic_ctrl_pressed_buttons
                0x800149cc       0x4c /opt/devkitpro/libogc/lib/wii/libwiiuse.a(classic.o)
 .text.classic_ctrl_handshake
                0x80014a18      0x460 /opt/devkitpro/libogc/lib/wii/libwiiuse.a(classic.o)
                0x80014a18                classic_ctrl_handshake
 .text.classic_ctrl_disconnected
                0x80014e78        0xc /opt/devkitpro/libogc/lib/wii/libwiiuse.a(classic.o)
                0x80014e78                classic_ctrl_disconnected
 .text.classic_ctrl_event
                0x80014e84      0x19c /opt/devkitpro/libogc/lib/wii/libwiiuse.a(classic.o)
                0x80014e84                classic_ctrl_event
 .text.handle_expansion
                0x80015020       0x54 /opt/devkitpro/libogc/lib/wii/libwiiuse.a(events.o)
 .text.parse_event
                0x80015074      0x73c /opt/devkitpro/libogc/lib/wii/libwiiuse.a(events.o)
                0x80015074                parse_event
 .text.guitar_hero_3_handshake
                0x800157b0       0x5c /opt/devkitpro/libogc/lib/wii/libwiiuse.a(guitar_hero_3.o)
                0x800157b0                guitar_hero_3_handshake
 .text.guitar_hero_3_disconnected
                0x8001580c        0xc /opt/devkitpro/libogc/lib/wii/libwiiuse.a(guitar_hero_3.o)
                0x8001580c                guitar_hero_3_disconnected
 .text.guitar_hero_3_event
                0x80015818       0x60 /opt/devkitpro/libogc/lib/wii/libwiiuse.a(guitar_hero_3.o)
                0x80015818                guitar_hero_3_event
 .text.acl_wlp_completed
                0x80015878        0x8 /opt/devkitpro/libogc/lib/wii/libbte.a(bte.o)
                0x80015878                acl_wlp_completed
 .text.bt_alarmhandler
                0x80015880        0x4 /opt/devkitpro/libogc/lib/wii/libbte.a(bte.o)
 .text.__bte_send_pending_request
                0x80015884      0x108 /opt/devkitpro/libogc/lib/wii/libbte.a(bte.o)
 .text.acl_conn_complete
                0x8001598c       0x28 /opt/devkitpro/libogc/lib/wii/libbte.a(bte.o)
                0x8001598c                acl_conn_complete
 .text.acl_auth_complete
                0x800159b4       0x2c /opt/devkitpro/libogc/lib/wii/libbte.a(bte.o)
                0x800159b4                acl_auth_complete
 .text.pin_req  0x800159e0       0x8c /opt/devkitpro/libogc/lib/wii/libbte.a(bte.o)
                0x800159e0                pin_req
 .text.l2cap_connected
                0x80015a6c       0xf0 /opt/devkitpro/libogc/lib/wii/libbte.a(bte.o)
                0x80015a6c                l2cap_connected
 .text.l2cap_accepted
                0x80015b5c       0xe8 /opt/devkitpro/libogc/lib/wii/libbte.a(bte.o)
                0x80015b5c                l2cap_accepted
 .text.bte_inquiry_complete
                0x80015c44      0x230 /opt/devkitpro/libogc/lib/wii/libbte.a(bte.o)
                0x80015c44                bte_inquiry_complete
 .text.l2cap_disconnect_cfm
                0x80015e74      0x180 /opt/devkitpro/libogc/lib/wii/libbte.a(bte.o)
                0x80015e74                l2cap_disconnect_cfm
 .text.bte_process_input
                0x80015ff4      0x120 /opt/devkitpro/libogc/lib/wii/libbte.a(bte.o)
 .text.l2cap_disconnected_ind
                0x80016114      0x18c /opt/devkitpro/libogc/lib/wii/libbte.a(bte.o)
                0x80016114                l2cap_disconnected_ind
 .text.__bte_shutdown_finished
                0x800162a0       0xe0 /opt/devkitpro/libogc/lib/wii/libbte.a(bte.o)
 .text.bte_hci_apply_patch_complete
                0x80016380      0x168 /opt/devkitpro/libogc/lib/wii/libbte.a(bte.o)
                0x80016380                bte_hci_apply_patch_complete
 .text.bte_hci_patch_complete
                0x800164e8      0x36c /opt/devkitpro/libogc/lib/wii/libbte.a(bte.o)
                0x800164e8                bte_hci_patch_complete
 .text.bte_read_remote_name_complete
                0x80016854      0x178 /opt/devkitpro/libogc/lib/wii/libbte.a(bte.o)
                0x80016854                bte_read_remote_name_complete
 .text.bte_hci_initcore_complete
                0x800169cc      0x250 /opt/devkitpro/libogc/lib/wii/libbte.a(bte.o)
                0x800169cc                bte_hci_initcore_complete
 .text.bte_read_stored_link_key_complete
                0x80016c1c      0x270 /opt/devkitpro/libogc/lib/wii/libbte.a(bte.o)
                0x80016c1c                bte_read_stored_link_key_complete
 .text.bte_set_evt_filter_complete
                0x80016e8c      0x1c4 /opt/devkitpro/libogc/lib/wii/libbte.a(bte.o)
                0x80016e8c                bte_set_evt_filter_complete
 .text.bte_hci_initcore_complete2
                0x80017050      0x218 /opt/devkitpro/libogc/lib/wii/libbte.a(bte.o)
 .text.bte_hci_initsub_complete
                0x80017268      0x268 /opt/devkitpro/libogc/lib/wii/libbte.a(bte.o)
                0x80017268                bte_hci_initsub_complete
 .text.BTE_Init
                0x800174d0      0x148 /opt/devkitpro/libogc/lib/wii/libbte.a(bte.o)
                0x800174d0                BTE_Init
 .text.BTE_Close
                0x80017618       0x58 /opt/devkitpro/libogc/lib/wii/libbte.a(bte.o)
                0x80017618                BTE_Close
 .text.BTE_Shutdown
                0x80017670       0xfc /opt/devkitpro/libogc/lib/wii/libbte.a(bte.o)
                0x80017670                BTE_Shutdown
 .text.BTE_InitCore
                0x8001776c       0x74 /opt/devkitpro/libogc/lib/wii/libbte.a(bte.o)
                0x8001776c                BTE_InitCore
 .text.BTE_ApplyPatch
                0x800177e0       0x8c /opt/devkitpro/libogc/lib/wii/libbte.a(bte.o)
                0x800177e0                BTE_ApplyPatch
 .text.BTE_InitSub
                0x8001786c       0x78 /opt/devkitpro/libogc/lib/wii/libbte.a(bte.o)
                0x8001786c                BTE_InitSub
 .text.BTE_ReadStoredLinkKey
                0x800178e4       0x78 /opt/devkitpro/libogc/lib/wii/libbte.a(bte.o)
                0x800178e4                BTE_ReadStoredLinkKey
 .text.BTE_SetEvtFilter
                0x8001795c       0xa0 /opt/devkitpro/libogc/lib/wii/libbte.a(bte.o)
                0x8001795c                BTE_SetEvtFilter
 .text.BTE_ReadRemoteName
                0x800179fc       0x74 /opt/devkitpro/libogc/lib/wii/libbte.a(bte.o)
                0x800179fc                BTE_ReadRemoteName
 .text.BTE_LinkKeyRequestReply
                0x80017a70       0x84 /opt/devkitpro/libogc/lib/wii/libbte.a(bte.o)
                0x80017a70                BTE_LinkKeyRequestReply
 .text.BTE_LinkKeyRequestNegativeReply
                0x80017af4       0x74 /opt/devkitpro/libogc/lib/wii/libbte.a(bte.o)
                0x80017af4                BTE_LinkKeyRequestNegativeReply
 .text.BTE_GetPairMode
                0x80017b68        0xc /opt/devkitpro/libogc/lib/wii/libbte.a(bte.o)
                0x80017b68                BTE_GetPairMode
 .text.BTE_SetDisconnectCallback
                0x80017b74        0x4 /opt/devkitpro/libogc/lib/wii/libbte.a(bte.o)
                0x80017b74                BTE_SetDisconnectCallback
 .text.BTE_SetHostSyncButtonCallback
                0x80017b78       0x44 /opt/devkitpro/libogc/lib/wii/libbte.a(bte.o)
                0x80017b78                BTE_SetHostSyncButtonCallback
 .text.BTE_SetConnectionRequestCallback
                0x80017bbc       0x44 /opt/devkitpro/libogc/lib/wii/libbte.a(bte.o)
                0x80017bbc                BTE_SetConnectionRequestCallback
 .text.BTE_SetLinkKeyRequestCallback
                0x80017c00       0x44 /opt/devkitpro/libogc/lib/wii/libbte.a(bte.o)
                0x80017c00                BTE_SetLinkKeyRequestCallback
 .text.BTE_SetLinkKeyNotificationCallback
                0x80017c44       0x44 /opt/devkitpro/libogc/lib/wii/libbte.a(bte.o)
                0x80017c44                BTE_SetLinkKeyNotificationCallback
 .text.BTE_WriteStoredLinkKey
                0x80017c88       0x84 /opt/devkitpro/libogc/lib/wii/libbte.a(bte.o)
                0x80017c88                BTE_WriteStoredLinkKey
 .text.BTE_ClearStoredLinkKeys
                0x80017d0c       0x68 /opt/devkitpro/libogc/lib/wii/libbte.a(bte.o)
                0x80017d0c                BTE_ClearStoredLinkKeys
 .text.bte_new  0x80017d74       0x54 /opt/devkitpro/libogc/lib/wii/libbte.a(bte.o)
                0x80017d74                bte_new
 .text.bte_free
                0x80017dc8       0x38 /opt/devkitpro/libogc/lib/wii/libbte.a(bte.o)
                0x80017dc8                bte_free
 .text.BTE_Inquiry
                0x80017e00       0xbc /opt/devkitpro/libogc/lib/wii/libbte.a(bte.o)
                0x80017e00                BTE_Inquiry
 .text.bte_disconnect
                0x80017ebc       0xc0 /opt/devkitpro/libogc/lib/wii/libbte.a(bte.o)
                0x80017ebc                bte_disconnect
 .text.bte_connectasync
                0x80017f7c      0x11c /opt/devkitpro/libogc/lib/wii/libbte.a(bte.o)
                0x80017f7c                bte_connectasync
 .text.bte_connectasync_step2
                0x80018098       0xd4 /opt/devkitpro/libogc/lib/wii/libbte.a(bte.o)
                0x80018098                bte_connectasync_step2
 .text.bte_listenasync
                0x8001816c      0x108 /opt/devkitpro/libogc/lib/wii/libbte.a(bte.o)
                0x8001816c                bte_listenasync
 .text.bte_listenasync_step2
                0x80018274       0xd0 /opt/devkitpro/libogc/lib/wii/libbte.a(bte.o)
                0x80018274                bte_listenasync_step2
 .text.bte_senddata
                0x80018344      0x104 /opt/devkitpro/libogc/lib/wii/libbte.a(bte.o)
                0x80018344                bte_senddata
 .text.bte_arg  0x80018448       0x24 /opt/devkitpro/libogc/lib/wii/libbte.a(bte.o)
                0x80018448                bte_arg
 .text.bte_received
                0x8001846c       0x24 /opt/devkitpro/libogc/lib/wii/libbte.a(bte.o)
                0x8001846c                bte_received
 .text.bte_disconnected
                0x80018490       0x24 /opt/devkitpro/libogc/lib/wii/libbte.a(bte.o)
                0x80018490                bte_disconnected
 .text.hci_get_link
                0x800184b4       0x84 /opt/devkitpro/libogc/lib/wii/libbte.a(hci.o)
 .text.hci_init
                0x80018538       0x7c /opt/devkitpro/libogc/lib/wii/libbte.a(hci.o)
                0x80018538                hci_init
 .text.hci_close
                0x800185b4      0x124 /opt/devkitpro/libogc/lib/wii/libbte.a(hci.o)
                0x800185b4                hci_close
 .text.hci_reset_all
                0x800186d8       0xa8 /opt/devkitpro/libogc/lib/wii/libbte.a(hci.o)
                0x800186d8                hci_reset_all
 .text.hci_arg  0x80018780        0xc /opt/devkitpro/libogc/lib/wii/libbte.a(hci.o)
                0x80018780                hci_arg
 .text.hci_cmd_complete
                0x8001878c        0xc /opt/devkitpro/libogc/lib/wii/libbte.a(hci.o)
                0x8001878c                hci_cmd_complete
 .text.hci_pin_req
                0x80018798        0xc /opt/devkitpro/libogc/lib/wii/libbte.a(hci.o)
                0x80018798                hci_pin_req
 .text.hci_sync_btn
                0x800187a4        0xc /opt/devkitpro/libogc/lib/wii/libbte.a(hci.o)
                0x800187a4                hci_sync_btn
 .text.hci_remote_name_req_complete
                0x800187b0        0xc /opt/devkitpro/libogc/lib/wii/libbte.a(hci.o)
                0x800187b0                hci_remote_name_req_complete
 .text.hci_link_key_req
                0x800187bc        0xc /opt/devkitpro/libogc/lib/wii/libbte.a(hci.o)
                0x800187bc                hci_link_key_req
 .text.hci_link_key_not
                0x800187c8        0xc /opt/devkitpro/libogc/lib/wii/libbte.a(hci.o)
                0x800187c8                hci_link_key_not
 .text.hci_connection_complete
                0x800187d4        0xc /opt/devkitpro/libogc/lib/wii/libbte.a(hci.o)
                0x800187d4                hci_connection_complete
 .text.hci_auth_complete
                0x800187e0        0xc /opt/devkitpro/libogc/lib/wii/libbte.a(hci.o)
                0x800187e0                hci_auth_complete
 .text.hci_wlp_complete
                0x800187ec        0xc /opt/devkitpro/libogc/lib/wii/libbte.a(hci.o)
                0x800187ec                hci_wlp_complete
 .text.hci_conn_req
                0x800187f8        0xc /opt/devkitpro/libogc/lib/wii/libbte.a(hci.o)
                0x800187f8                hci_conn_req
 .text.hci_reset
                0x80018804       0xa8 /opt/devkitpro/libogc/lib/wii/libbte.a(hci.o)
                0x80018804                hci_reset
 .text.hci_read_buffer_size
                0x800188ac       0xa8 /opt/devkitpro/libogc/lib/wii/libbte.a(hci.o)
                0x800188ac                hci_read_buffer_size
 .text.hci_read_bd_addr
                0x80018954       0xa8 /opt/devkitpro/libogc/lib/wii/libbte.a(hci.o)
                0x80018954                hci_read_bd_addr
 .text.hci_read_local_version
                0x800189fc       0xa4 /opt/devkitpro/libogc/lib/wii/libbte.a(hci.o)
                0x800189fc                hci_read_local_version
 .text.hci_read_local_features
                0x80018aa0       0xa8 /opt/devkitpro/libogc/lib/wii/libbte.a(hci.o)
                0x80018aa0                hci_read_local_features
 .text.hci_read_stored_link_key
                0x80018b48      0x10c /opt/devkitpro/libogc/lib/wii/libbte.a(hci.o)
                0x80018b48                hci_read_stored_link_key
 .text.hci_set_event_filter
                0x80018c54      0x180 /opt/devkitpro/libogc/lib/wii/libbte.a(hci.o)
                0x80018c54                hci_set_event_filter
 .text.hci_write_page_timeout
                0x80018dd4       0xc8 /opt/devkitpro/libogc/lib/wii/libbte.a(hci.o)
                0x80018dd4                hci_write_page_timeout
 .text.hci_write_scan_enable
                0x80018e9c       0xc0 /opt/devkitpro/libogc/lib/wii/libbte.a(hci.o)
                0x80018e9c                hci_write_scan_enable
 .text.hci_inquiry
                0x80018f5c      0x144 /opt/devkitpro/libogc/lib/wii/libbte.a(hci.o)
                0x80018f5c                hci_inquiry
 .text.hci_accept_conn_request
                0x800190a0       0xf0 /opt/devkitpro/libogc/lib/wii/libbte.a(hci.o)
                0x800190a0                hci_accept_conn_request
 .text.hci_write_local_name
                0x80019190       0xec /opt/devkitpro/libogc/lib/wii/libbte.a(hci.o)
                0x80019190                hci_write_local_name
 .text.hci_write_pin_type
                0x8001927c       0xc0 /opt/devkitpro/libogc/lib/wii/libbte.a(hci.o)
                0x8001927c                hci_write_pin_type
 .text.hci_read_remote_name
                0x8001933c      0x1a8 /opt/devkitpro/libogc/lib/wii/libbte.a(hci.o)
                0x8001933c                hci_read_remote_name
 .text.hci_write_inquiry_mode
                0x800194e4       0xc0 /opt/devkitpro/libogc/lib/wii/libbte.a(hci.o)
                0x800194e4                hci_write_inquiry_mode
 .text.hci_write_page_scan_type
                0x800195a4       0xc0 /opt/devkitpro/libogc/lib/wii/libbte.a(hci.o)
                0x800195a4                hci_write_page_scan_type
 .text.hci_write_inquiry_scan_type
                0x80019664       0xc0 /opt/devkitpro/libogc/lib/wii/libbte.a(hci.o)
                0x80019664                hci_write_inquiry_scan_type
 .text.hci_vendor_specific_command
                0x80019724      0x104 /opt/devkitpro/libogc/lib/wii/libbte.a(hci.o)
                0x80019724                hci_vendor_specific_command
 .text.hci_auth_req
                0x80019828       0xdc /opt/devkitpro/libogc/lib/wii/libbte.a(hci.o)
                0x80019828                hci_auth_req
 .text.hci_write_link_policy_settings
                0x80019904       0xf4 /opt/devkitpro/libogc/lib/wii/libbte.a(hci.o)
                0x80019904                hci_write_link_policy_settings
 .text.hci_pin_code_request_reply
                0x800199f8      0x150 /opt/devkitpro/libogc/lib/wii/libbte.a(hci.o)
                0x800199f8                hci_pin_code_request_reply
 .text.hci_link_key_req_reply
                0x80019b48      0x114 /opt/devkitpro/libogc/lib/wii/libbte.a(hci.o)
                0x80019b48                hci_link_key_req_reply
 .text.hci_pin_code_request_neg_reply
                0x80019c5c       0xd4 /opt/devkitpro/libogc/lib/wii/libbte.a(hci.o)
                0x80019c5c                hci_pin_code_request_neg_reply
 .text.hci_link_key_req_neg_reply
                0x80019d30       0xd4 /opt/devkitpro/libogc/lib/wii/libbte.a(hci.o)
                0x80019d30                hci_link_key_req_neg_reply
 .text.hci_disconnect
                0x80019e04       0xf8 /opt/devkitpro/libogc/lib/wii/libbte.a(hci.o)
                0x80019e04                hci_disconnect
 .text.hci_reject_connection_request
                0x80019efc       0xf0 /opt/devkitpro/libogc/lib/wii/libbte.a(hci.o)
                0x80019efc                hci_reject_connection_request
 .text.hci_write_stored_link_key
                0x80019fec      0x128 /opt/devkitpro/libogc/lib/wii/libbte.a(hci.o)
                0x80019fec                hci_write_stored_link_key
 .text.hci_delete_stored_link_key
                0x8001a114      0x10c /opt/devkitpro/libogc/lib/wii/libbte.a(hci.o)
                0x8001a114                hci_delete_stored_link_key
 .text.hci_write_cod
                0x8001a220       0xd8 /opt/devkitpro/libogc/lib/wii/libbte.a(hci.o)
                0x8001a220                hci_write_cod
 .text.hci_host_buffer_size
                0x8001a2f8       0xf8 /opt/devkitpro/libogc/lib/wii/libbte.a(hci.o)
                0x8001a2f8                hci_host_buffer_size
 .text.hci_host_num_comp_packets
                0x8001a3f0      0x100 /opt/devkitpro/libogc/lib/wii/libbte.a(hci.o)
                0x8001a3f0                hci_host_num_comp_packets
 .text.lp_pdu_maxsize
                0x8001a4f0        0xc /opt/devkitpro/libogc/lib/wii/libbte.a(hci.o)
                0x8001a4f0                lp_pdu_maxsize
 .text.hci_get_bd_addr
                0x8001a4fc       0x50 /opt/devkitpro/libogc/lib/wii/libbte.a(hci.o)
                0x8001a4fc                hci_get_bd_addr
 .text.lp_is_connected
                0x8001a54c       0x28 /opt/devkitpro/libogc/lib/wii/libbte.a(hci.o)
                0x8001a54c                lp_is_connected
 .text.lp_acl_write
                0x8001a574      0x144 /opt/devkitpro/libogc/lib/wii/libbte.a(hci.o)
                0x8001a574                lp_acl_write
 .text.lp_write_flush_timeout
                0x8001a6b8       0xf4 /opt/devkitpro/libogc/lib/wii/libbte.a(hci.o)
                0x8001a6b8                lp_write_flush_timeout
 .text.lp_connect_req
                0x8001a7ac      0x274 /opt/devkitpro/libogc/lib/wii/libbte.a(hci.o)
                0x8001a7ac                lp_connect_req
 .text.hci_event_handler
                0x8001aa20      0xdf0 /opt/devkitpro/libogc/lib/wii/libbte.a(hci.o)
                0x8001aa20                hci_event_handler
 .text.hci_acldata_handler
                0x8001b810       0xec /opt/devkitpro/libogc/lib/wii/libbte.a(hci.o)
                0x8001b810                hci_acldata_handler
 .text.l2cap_init
                0x8001b8fc       0x60 /opt/devkitpro/libogc/lib/wii/libbte.a(l2cap.o)
                0x8001b8fc                l2cap_init
 .text.l2cap_write
                0x8001b95c      0x1a0 /opt/devkitpro/libogc/lib/wii/libbte.a(l2cap.o)
                0x8001b95c                l2cap_write
 .text.l2cap_new
                0x8001bafc       0x60 /opt/devkitpro/libogc/lib/wii/libbte.a(l2cap.o)
                0x8001bafc                l2cap_new
 .text.l2cap_close
                0x8001bb5c      0x1b4 /opt/devkitpro/libogc/lib/wii/libbte.a(l2cap.o)
                0x8001bb5c                l2cap_close
 .text.l2cap_reset_all
                0x8001bd10      0x134 /opt/devkitpro/libogc/lib/wii/libbte.a(l2cap.o)
                0x8001bd10                l2cap_reset_all
 .text.l2cap_signal
                0x8001be44      0x204 /opt/devkitpro/libogc/lib/wii/libbte.a(l2cap.o)
                0x8001be44                l2cap_signal
 .text.l2ca_connect_req
                0x8001c048      0x1b8 /opt/devkitpro/libogc/lib/wii/libbte.a(l2cap.o)
                0x8001c048                l2ca_connect_req
 .text.l2ca_config_req
                0x8001c200      0x128 /opt/devkitpro/libogc/lib/wii/libbte.a(l2cap.o)
                0x8001c200                l2ca_config_req
 .text.l2ca_disconnect_req
                0x8001c328       0xbc /opt/devkitpro/libogc/lib/wii/libbte.a(l2cap.o)
                0x8001c328                l2ca_disconnect_req
 .text.l2cap_tmr
                0x8001c3e4      0x260 /opt/devkitpro/libogc/lib/wii/libbte.a(l2cap.o)
                0x8001c3e4                l2cap_tmr
 .text.l2cap_process_sig
                0x8001c644     0x1168 /opt/devkitpro/libogc/lib/wii/libbte.a(l2cap.o)
                0x8001c644                l2cap_process_sig
 .text.l2cap_input
                0x8001d7ac      0x5c0 /opt/devkitpro/libogc/lib/wii/libbte.a(l2cap.o)
                0x8001d7ac                l2cap_input
 .text.l2ca_datawrite
                0x8001dd6c      0x10c /opt/devkitpro/libogc/lib/wii/libbte.a(l2cap.o)
                0x8001dd6c                l2ca_datawrite
 .text.lp_connect_cfm
                0x8001de78      0x160 /opt/devkitpro/libogc/lib/wii/libbte.a(l2cap.o)
                0x8001de78                lp_connect_cfm
 .text.lp_connect_ind
                0x8001dfd8        0x4 /opt/devkitpro/libogc/lib/wii/libbte.a(l2cap.o)
                0x8001dfd8                lp_connect_ind
 .text.lp_disconnect_ind
                0x8001dfdc      0x1b0 /opt/devkitpro/libogc/lib/wii/libbte.a(l2cap.o)
                0x8001dfdc                lp_disconnect_ind
 .text.l2cap_disconnect_bb
                0x8001e18c       0x10 /opt/devkitpro/libogc/lib/wii/libbte.a(l2cap.o)
                0x8001e18c                l2cap_disconnect_bb
 .text.l2cap_arg
                0x8001e19c        0x8 /opt/devkitpro/libogc/lib/wii/libbte.a(l2cap.o)
                0x8001e19c                l2cap_arg
 .text.l2cap_connect_ind
                0x8001e1a4       0xec /opt/devkitpro/libogc/lib/wii/libbte.a(l2cap.o)
                0x8001e1a4                l2cap_connect_ind
 .text.l2cap_disconnect_ind
                0x8001e290        0x8 /opt/devkitpro/libogc/lib/wii/libbte.a(l2cap.o)
                0x8001e290                l2cap_disconnect_ind
 .text.l2cap_recv
                0x8001e298        0x8 /opt/devkitpro/libogc/lib/wii/libbte.a(l2cap.o)
                0x8001e298                l2cap_recv
 .text.btmemb_init
                0x8001e2a0       0x24 /opt/devkitpro/libogc/lib/wii/libbte.a(btmemb.o)
                0x8001e2a0                btmemb_init
 .text.btmemb_alloc
                0x8001e2c4       0x88 /opt/devkitpro/libogc/lib/wii/libbte.a(btmemb.o)
                0x8001e2c4                btmemb_alloc
 .text.btmemb_free
                0x8001e34c       0xcc /opt/devkitpro/libogc/lib/wii/libbte.a(btmemb.o)
                0x8001e34c                btmemb_free
 .text.plug_holes
                0x8001e418       0xac /opt/devkitpro/libogc/lib/wii/libbte.a(btmemr.o)
 .text.btmemr_init
                0x8001e4c4       0x90 /opt/devkitpro/libogc/lib/wii/libbte.a(btmemr.o)
                0x8001e4c4                btmemr_init
 .text.btmemr_malloc
                0x8001e554      0x168 /opt/devkitpro/libogc/lib/wii/libbte.a(btmemr.o)
                0x8001e554                btmemr_malloc
 .text.btmemr_free
                0x8001e6bc       0x90 /opt/devkitpro/libogc/lib/wii/libbte.a(btmemr.o)
                0x8001e6bc                btmemr_free
 .text.btmemr_realloc
                0x8001e74c      0x10c /opt/devkitpro/libogc/lib/wii/libbte.a(btmemr.o)
                0x8001e74c                btmemr_realloc
 .text.btpbuf_init
                0x8001e858       0x28 /opt/devkitpro/libogc/lib/wii/libbte.a(btpbuf.o)
                0x8001e858                btpbuf_init
 .text.btpbuf_free
                0x8001e880       0xfc /opt/devkitpro/libogc/lib/wii/libbte.a(btpbuf.o)
                0x8001e880                btpbuf_free
 .text.btpbuf_alloc
                0x8001e97c      0x270 /opt/devkitpro/libogc/lib/wii/libbte.a(btpbuf.o)
                0x8001e97c                btpbuf_alloc
 .text.btpbuf_realloc
                0x8001ebec      0x120 /opt/devkitpro/libogc/lib/wii/libbte.a(btpbuf.o)
                0x8001ebec                btpbuf_realloc
 .text.btpbuf_header
                0x8001ed0c       0x84 /opt/devkitpro/libogc/lib/wii/libbte.a(btpbuf.o)
                0x8001ed0c                btpbuf_header
 .text.btpbuf_ref
                0x8001ed90       0x34 /opt/devkitpro/libogc/lib/wii/libbte.a(btpbuf.o)
                0x8001ed90                btpbuf_ref
 .text.btpbuf_chain
                0x8001edc4       0x88 /opt/devkitpro/libogc/lib/wii/libbte.a(btpbuf.o)
                0x8001edc4                btpbuf_chain
 .text.btpbuf_dechain
                0x8001ee4c       0x7c /opt/devkitpro/libogc/lib/wii/libbte.a(btpbuf.o)
                0x8001ee4c                btpbuf_dechain
 .text.btpbuf_take
                0x8001eec8      0x13c /opt/devkitpro/libogc/lib/wii/libbte.a(btpbuf.o)
                0x8001eec8                btpbuf_take
 .text.__writebulkmsgCB
                0x8001f004       0x3c /opt/devkitpro/libogc/lib/wii/libbte.a(physbusif.o)
 .text.__writectrlmsgCB
                0x8001f040       0x3c /opt/devkitpro/libogc/lib/wii/libbte.a(physbusif.o)
 .text.__issue_intrread.part.0
                0x8001f07c       0x80 /opt/devkitpro/libogc/lib/wii/libbte.a(physbusif.o)
 .text.__readintrdataCB
                0x8001f0fc      0x134 /opt/devkitpro/libogc/lib/wii/libbte.a(physbusif.o)
 .text.__issue_bulkread.part.0
                0x8001f230       0x80 /opt/devkitpro/libogc/lib/wii/libbte.a(physbusif.o)
 .text.__readbulkdataCB
                0x8001f2b0      0x134 /opt/devkitpro/libogc/lib/wii/libbte.a(physbusif.o)
 .text.physbusif_init
                0x8001f3e4      0x1ec /opt/devkitpro/libogc/lib/wii/libbte.a(physbusif.o)
                0x8001f3e4                physbusif_init
 .text.physbusif_close
                0x8001f5d0       0x20 /opt/devkitpro/libogc/lib/wii/libbte.a(physbusif.o)
                0x8001f5d0                physbusif_close
 .text.physbusif_shutdown
                0x8001f5f0       0x18 /opt/devkitpro/libogc/lib/wii/libbte.a(physbusif.o)
                0x8001f5f0                physbusif_shutdown
 .text.physbusif_reset_all
                0x8001f608        0x4 /opt/devkitpro/libogc/lib/wii/libbte.a(physbusif.o)
                0x8001f608                physbusif_reset_all
 .text.physbusif_output
                0x8001f60c      0x1f4 /opt/devkitpro/libogc/lib/wii/libbte.a(physbusif.o)
                0x8001f60c                physbusif_output
 .text.__dsp_resumecallback
                0x8001f800        0x4 /opt/devkitpro/libogc/lib/wii/libaesnd.a(aesndlib.o)
 .text.__dsp_donecallback
                0x8001f804       0x14 /opt/devkitpro/libogc/lib/wii/libaesnd.a(aesndlib.o)
 .text.__dsp_initcallback
                0x8001f818       0x5c /opt/devkitpro/libogc/lib/wii/libaesnd.a(aesndlib.o)
 .text.__aesndfillbuffer.constprop.0
                0x8001f874       0xf4 /opt/devkitpro/libogc/lib/wii/libaesnd.a(aesndlib.o)
 .text.__dsp_requestcallback
                0x8001f968      0x56c /opt/devkitpro/libogc/lib/wii/libaesnd.a(aesndlib.o)
 .text.__audio_dma_callback
                0x8001fed4      0x2dc /opt/devkitpro/libogc/lib/wii/libaesnd.a(aesndlib.o)
 .text.AESND_Init
                0x800201b0      0x29c /opt/devkitpro/libogc/lib/wii/libaesnd.a(aesndlib.o)
                0x800201b0                AESND_Init
 .text.AESND_Pause
                0x8002044c       0x24 /opt/devkitpro/libogc/lib/wii/libaesnd.a(aesndlib.o)
                0x8002044c                AESND_Pause
 .text.AESND_AllocateVoiceWithArg
                0x80020470       0xc0 /opt/devkitpro/libogc/lib/wii/libaesnd.a(aesndlib.o)
                0x80020470                AESND_AllocateVoiceWithArg
 .text.AESND_PlayVoice
                0x80020530      0x130 /opt/devkitpro/libogc/lib/wii/libaesnd.a(aesndlib.o)
                0x80020530                AESND_PlayVoice
 .text.AESND_SetVoiceVolume
                0x80020660       0x28 /opt/devkitpro/libogc/lib/wii/libaesnd.a(aesndlib.o)
                0x80020660                AESND_SetVoiceVolume
 .text.DEBUGPrint
                0x80020688        0x4 /opt/devkitpro/libogc/lib/wii/libogc.a(common_crt0.o)
                0x80020688                DEBUGPrint
 .text.__eabi   0x8002068c        0x4 /opt/devkitpro/libogc/lib/wii/libogc.a(common_crt0.o)
                0x8002068c                __eabi
 .text.PPCEarlyInit
                0x80020690       0x24 /opt/devkitpro/libogc/lib/wii/libogc.a(early_init.o)
                0x80020690                PPCEarlyInit
 .text.PPCEarlyInitImpl
                0x800206b4      0x1a4 /opt/devkitpro/libogc/lib/wii/libogc.a(early_init.o)
 .text.PPCDCacheFlushAsync
                0x80020858       0x28 /opt/devkitpro/libogc/lib/wii/libogc.a(cache.o)
                0x80020858                PPCDCacheFlushAsync
 .text.PPCDCacheInvalidate
                0x80020880       0x28 /opt/devkitpro/libogc/lib/wii/libogc.a(cache.o)
                0x80020880                PPCDCacheInvalidate
 .text.PPCICacheInvalidate
                0x800208a8       0x28 /opt/devkitpro/libogc/lib/wii/libogc.a(cache.o)
                0x800208a8                PPCICacheInvalidate
 .text.PPCExcptDefaultPanicFn
                0x800208d0       0xac /opt/devkitpro/libogc/lib/wii/libogc.a(exception.o)
 .text.PPCExcptInit
                0x8002097c      0x124 /opt/devkitpro/libogc/lib/wii/libogc.a(exception.o)
                0x8002097c                PPCExcptInit
 .text.PPCExcptEntryGeneral
                0x80020aa0       0x60 /opt/devkitpro/libogc/lib/wii/libogc.a(exception_asm.o)
                0x80020aa4                PPCExcptEntryGeneral
 .text.PPCExcptEntryFpu
                0x80020b00       0x90 /opt/devkitpro/libogc/lib/wii/libogc.a(exception_asm.o)
                0x80020b04                PPCExcptEntryFpu
 .text.PPCExcptFpuHandler
                0x80020b90      0x260 /opt/devkitpro/libogc/lib/wii/libogc.a(exception_asm.o)
 .text.PPCExcptDefaultHandler
                0x80020df0      0x13c /opt/devkitpro/libogc/lib/wii/libogc.a(exception_asm.o)
                0x80020df0                PPCExcptDefaultHandler
 .text.KIrqInit
                0x80020f2c       0x94 /opt/devkitpro/libogc/lib/wii/libogc.a(interrupt.o)
                0x80020f2c                KIrqInit
 .text.KIrqDispatch
                0x80020fc0      0x260 /opt/devkitpro/libogc/lib/wii/libogc.a(interrupt.o)
                0x80020fc0                KIrqDispatch
 .text.KIrqEnable
                0x80021220      0x248 /opt/devkitpro/libogc/lib/wii/libogc.a(interrupt.o)
                0x80021220                KIrqEnable
 .text.KIrqDisable
                0x80021468      0x244 /opt/devkitpro/libogc/lib/wii/libogc.a(interrupt.o)
                0x80021468                KIrqDisable
 .text.KIrqGet  0x800216ac       0x14 /opt/devkitpro/libogc/lib/wii/libogc.a(interrupt.o)
                0x800216ac                KIrqGet
 .text.KIrqSet  0x800216c0       0x3c /opt/devkitpro/libogc/lib/wii/libogc.a(interrupt.o)
                0x800216c0                KIrqSet
 .text.PPCExcptIrqHandler
                0x800216fc      0x144 /opt/devkitpro/libogc/lib/wii/libogc.a(interrupt_asm.o)
                0x800216fc                PPCExcptIrqHandler
 .text.__PPCContextPrepareToJump
                0x80021840       0x4c /opt/devkitpro/libogc/lib/wii/libogc.a(interrupt_asm.o)
                0x80021840                __PPCContextPrepareToJump
 .text.__PPCContextJump
                0x8002188c        0x8 /opt/devkitpro/libogc/lib/wii/libogc.a(interrupt_asm.o)
                0x8002188c                __PPCContextJump
 .text.KThreadIdleMain
                0x80021894        0x4 /opt/devkitpro/libogc/lib/wii/libogc.a(thread.o)
 .text.__getreent
                0x80021898       0x24 /opt/devkitpro/libogc/lib/wii/libogc.a(thread.o)
                0x80021898                __getreent
 .text.KThreadInit
                0x800218bc      0x100 /opt/devkitpro/libogc/lib/wii/libogc.a(thread.o)
                0x800218bc                KThreadInit
 .text.KThreadPrepare
                0x800219bc      0x1e8 /opt/devkitpro/libogc/lib/wii/libogc.a(thread.o)
                0x800219bc                KThreadPrepare
 .text.KThreadSwitchTo
                0x80021ba4       0x88 /opt/devkitpro/libogc/lib/wii/libogc.a(thread.o)
                0x80021ba4                KThreadSwitchTo
 .text.KThreadResume
                0x80021c2c       0x78 /opt/devkitpro/libogc/lib/wii/libogc.a(thread.o)
                0x80021c2c                KThreadResume
 .text.KThreadSuspend
                0x80021ca4       0x90 /opt/devkitpro/libogc/lib/wii/libogc.a(thread.o)
                0x80021ca4                KThreadSuspend
 .text.KThrQueueBlock
                0x80021d34      0x108 /opt/devkitpro/libogc/lib/wii/libogc.a(thread.o)
                0x80021d34                KThrQueueBlock
 .text.KThreadJoin
                0x80021e3c       0x88 /opt/devkitpro/libogc/lib/wii/libogc.a(thread.o)
                0x80021e3c                KThreadJoin
 .text.KThrQueueUnblockOneByValue
                0x80021ec4       0xcc /opt/devkitpro/libogc/lib/wii/libogc.a(thread.o)
                0x80021ec4                KThrQueueUnblockOneByValue
 .text.KThrQueueUnblockAllByValue
                0x80021f90      0x14c /opt/devkitpro/libogc/lib/wii/libogc.a(thread.o)
                0x80021f90                KThrQueueUnblockAllByValue
 .text.KThreadExit
                0x800220dc       0xc4 /opt/devkitpro/libogc/lib/wii/libogc.a(thread.o)
                0x800220dc                KThreadExit
 .text.KThrQueueCancel
                0x800221a0       0xb4 /opt/devkitpro/libogc/lib/wii/libogc.a(thread.o)
                0x800221a0                KThrQueueCancel
 .text.KCondVarTimeoutFn
                0x80022254       0x10 /opt/devkitpro/libogc/lib/wii/libogc.a(sync.o)
 .text.KThreadUpdateDynamicPrio
                0x80022264      0x1f4 /opt/devkitpro/libogc/lib/wii/libogc.a(sync.o)
                0x80022264                KThreadUpdateDynamicPrio
 .text.KThreadRemoveWaiter
                0x80022458      0x178 /opt/devkitpro/libogc/lib/wii/libogc.a(sync.o)
 .text.KMutexLock
                0x800225d0      0x194 /opt/devkitpro/libogc/lib/wii/libogc.a(sync.o)
                0x800225d0                KMutexLock
 .text.KMutexUnlock
                0x80022764      0x104 /opt/devkitpro/libogc/lib/wii/libogc.a(sync.o)
                0x80022764                KMutexUnlock
 .text.KCondVarBroadcast
                0x80022868       0x10 /opt/devkitpro/libogc/lib/wii/libogc.a(sync.o)
                0x80022868                KCondVarBroadcast
 .text.KCondVarWait
                0x80022878       0x8c /opt/devkitpro/libogc/lib/wii/libogc.a(sync.o)
                0x80022878                KCondVarWait
 .text.KCondVarWaitTimeoutTicks
                0x80022904       0xf4 /opt/devkitpro/libogc/lib/wii/libogc.a(sync.o)
                0x80022904                KCondVarWaitTimeoutTicks
 .text.KTickTaskReschedule
                0x800229f8       0x6c /opt/devkitpro/libogc/lib/wii/libogc.a(tick.o)
 .text.KTickTaskRun
                0x80022a64      0x128 /opt/devkitpro/libogc/lib/wii/libogc.a(tick.o)
                0x80022a64                KTickTaskRun
 .text.KTickTaskStart
                0x80022b8c      0x168 /opt/devkitpro/libogc/lib/wii/libogc.a(tick.o)
                0x80022b8c                KTickTaskStart
 .text.KTickTaskStop
                0x80022cf4       0xc4 /opt/devkitpro/libogc/lib/wii/libogc.a(tick.o)
                0x80022cf4                KTickTaskStop
 .text.__syscall_lock_acquire
                0x80022db8        0x4 /opt/devkitpro/libogc/lib/wii/libogc.a(newlib_syscalls.o)
                0x80022db8                __syscall_lock_acquire
 .text.__syscall_lock_release
                0x80022dbc        0x4 /opt/devkitpro/libogc/lib/wii/libogc.a(newlib_syscalls.o)
                0x80022dbc                __syscall_lock_release
 .text.__syscall_lock_acquire_recursive
                0x80022dc0       0x50 /opt/devkitpro/libogc/lib/wii/libogc.a(newlib_syscalls.o)
                0x80022dc0                __syscall_lock_acquire_recursive
 .text.__syscall_lock_release_recursive
                0x80022e10       0x18 /opt/devkitpro/libogc/lib/wii/libogc.a(newlib_syscalls.o)
                0x80022e10                __syscall_lock_release_recursive
 .text.__syscall_cond_broadcast
                0x80022e28       0x24 /opt/devkitpro/libogc/lib/wii/libogc.a(newlib_syscalls.o)
                0x80022e28                __syscall_cond_broadcast
 .text.__syscall_cond_wait
                0x80022e4c       0x98 /opt/devkitpro/libogc/lib/wii/libogc.a(newlib_syscalls.o)
                0x80022e4c                __syscall_cond_wait
 .text.lwpc_alarm_cb
                0x80022ee4       0x10 /opt/devkitpro/libogc/lib/wii/libogc.a(lwpc_alarm.o)
 .text.SYS_CreateAlarm
                0x80022ef4       0x74 /opt/devkitpro/libogc/lib/wii/libogc.a(lwpc_alarm.o)
                0x80022ef4                SYS_CreateAlarm
 .text.SYS_SetAlarm
                0x80022f68      0x120 /opt/devkitpro/libogc/lib/wii/libogc.a(lwpc_alarm.o)
                0x80022f68                SYS_SetAlarm
 .text.SYS_SetPeriodicAlarm
                0x80023088      0x1b8 /opt/devkitpro/libogc/lib/wii/libogc.a(lwpc_alarm.o)
                0x80023088                SYS_SetPeriodicAlarm
 .text.SYS_RemoveAlarm
                0x80023240       0x4c /opt/devkitpro/libogc/lib/wii/libogc.a(lwpc_alarm.o)
                0x80023240                SYS_RemoveAlarm
 .text.SYS_CancelAlarm
                0x8002328c       0x34 /opt/devkitpro/libogc/lib/wii/libogc.a(lwpc_alarm.o)
                0x8002328c                SYS_CancelAlarm
 .text.LWP_InitQueue
                0x800232c0       0xdc /opt/devkitpro/libogc/lib/wii/libogc.a(lwpc_queue.o)
                0x800232c0                LWP_InitQueue
 .text.LWP_CloseQueue
                0x8002339c       0x90 /opt/devkitpro/libogc/lib/wii/libogc.a(lwpc_queue.o)
                0x8002339c                LWP_CloseQueue
 .text.LWP_ThreadSleep
                0x8002342c       0x44 /opt/devkitpro/libogc/lib/wii/libogc.a(lwpc_queue.o)
                0x8002342c                LWP_ThreadSleep
 .text.LWP_ThreadSignal
                0x80023470       0x1c /opt/devkitpro/libogc/lib/wii/libogc.a(lwpc_queue.o)
                0x80023470                LWP_ThreadSignal
 .text.LWP_ThreadBroadcast
                0x8002348c       0x1c /opt/devkitpro/libogc/lib/wii/libogc.a(lwpc_queue.o)
                0x8002348c                LWP_ThreadBroadcast
 .text.LWP_CreateThread
                0x800234a8      0x120 /opt/devkitpro/libogc/lib/wii/libogc.a(lwpc_thread.o)
                0x800234a8                LWP_CreateThread
 .text.LWP_SuspendThread
                0x800235c8       0x40 /opt/devkitpro/libogc/lib/wii/libogc.a(lwpc_thread.o)
                0x800235c8                LWP_SuspendThread
 .text.LWP_ResumeThread
                0x80023608       0x40 /opt/devkitpro/libogc/lib/wii/libogc.a(lwpc_thread.o)
                0x80023608                LWP_ResumeThread
 .text.LWP_GetSelf
                0x80023648        0xc /opt/devkitpro/libogc/lib/wii/libogc.a(lwpc_thread.o)
                0x80023648                LWP_GetSelf
 .text.LWP_JoinThread
                0x80023654       0x6c /opt/devkitpro/libogc/lib/wii/libogc.a(lwpc_thread.o)
                0x80023654                LWP_JoinThread
 .text.LWP_SemInit
                0x800236c0      0x120 /opt/devkitpro/libogc/lib/wii/libogc.a(lwpc_sem.o)
                0x800236c0                LWP_SemInit
 .text.LWP_SemDestroy
                0x800237e0       0xa0 /opt/devkitpro/libogc/lib/wii/libogc.a(lwpc_sem.o)
                0x800237e0                LWP_SemDestroy
 .text.LWP_SemWait
                0x80023880       0xa8 /opt/devkitpro/libogc/lib/wii/libogc.a(lwpc_sem.o)
                0x80023880                LWP_SemWait
 .text.LWP_SemPost
                0x80023928       0xa0 /opt/devkitpro/libogc/lib/wii/libogc.a(lwpc_sem.o)
                0x80023928                LWP_SemPost
 .text.__lwp_queue_initialize
                0x800239c8       0x98 /opt/devkitpro/libogc/lib/wii/libogc.a(lwp_queue.o)
                0x800239c8                __lwp_queue_initialize
 .text.__lwp_queue_get
                0x80023a60       0x60 /opt/devkitpro/libogc/lib/wii/libogc.a(lwp_queue.o)
                0x80023a60                __lwp_queue_get
 .text.__lwp_queue_append
                0x80023ac0       0x38 /opt/devkitpro/libogc/lib/wii/libogc.a(lwp_queue.o)
                0x80023ac0                __lwp_queue_append
 .text.__lwp_wkspace_init
                0x80023af8       0xa4 /opt/devkitpro/libogc/lib/wii/libogc.a(lwp_wkspace.o)
                0x80023af8                __lwp_wkspace_init
 .text.__lwp_heap_init
                0x80023b9c       0x90 /opt/devkitpro/libogc/lib/wii/libogc.a(lwp_heap.o)
                0x80023b9c                __lwp_heap_init
 .text.__lwp_heap_allocate
                0x80023c2c      0x14c /opt/devkitpro/libogc/lib/wii/libogc.a(lwp_heap.o)
                0x80023c2c                __lwp_heap_allocate
 .text.__lwp_heap_free
                0x80023d78      0x174 /opt/devkitpro/libogc/lib/wii/libogc.a(lwp_heap.o)
                0x80023d78                __lwp_heap_free
 .text.__VISendI2CData.constprop.0.isra.0
                0x80023eec      0x3c8 /opt/devkitpro/libogc/lib/wii/libogc.a(video.o)
 .text.__setFbbRegs.constprop.0
                0x800242b4      0x190 /opt/devkitpro/libogc/lib/wii/libogc.a(video.o)
 .text.__VISetYUVSEL
                0x80024444       0xb8 /opt/devkitpro/libogc/lib/wii/libogc.a(video.o)
 .text.__VIClearFramebuffer
                0x800244fc       0x48 /opt/devkitpro/libogc/lib/wii/libogc.a(video.o)
                0x800244fc                __VIClearFramebuffer
 .text.VIDEO_Configure
                0x80024544      0x5cc /opt/devkitpro/libogc/lib/wii/libogc.a(video.o)
                0x80024544                VIDEO_Configure
 .text.VIDEO_WaitVSync
                0x80024b10       0x68 /opt/devkitpro/libogc/lib/wii/libogc.a(video.o)
                0x80024b10                VIDEO_WaitVSync
 .text.VIDEO_SetFramebuffer
                0x80024b78       0xc4 /opt/devkitpro/libogc/lib/wii/libogc.a(video.o)
                0x80024b78                VIDEO_SetFramebuffer
 .text.VIDEO_SetNextFramebuffer
                0x80024c3c       0x54 /opt/devkitpro/libogc/lib/wii/libogc.a(video.o)
                0x80024c3c                VIDEO_SetNextFramebuffer
 .text.VIDEO_Flush
                0x80024c90       0xe8 /opt/devkitpro/libogc/lib/wii/libogc.a(video.o)
                0x80024c90                VIDEO_Flush
 .text.VIDEO_SetBlack
                0x80024d78      0x150 /opt/devkitpro/libogc/lib/wii/libogc.a(video.o)
                0x80024d78                VIDEO_SetBlack
 .text.VIDEO_GetCurrentTvMode
                0x80024ec8       0x64 /opt/devkitpro/libogc/lib/wii/libogc.a(video.o)
                0x80024ec8                VIDEO_GetCurrentTvMode
 .text.__VIRetraceHandler
                0x80024f2c      0x284 /opt/devkitpro/libogc/lib/wii/libogc.a(video.o)
 .text.__VISetupEncoder
                0x800251b0      0x288 /opt/devkitpro/libogc/lib/wii/libogc.a(video.o)
 .text.VIDEO_Init
                0x80025438      0x3c4 /opt/devkitpro/libogc/lib/wii/libogc.a(video.o)
                0x80025438                VIDEO_Init
 .text.VIDEO_GetPreferredMode
                0x800257fc      0x108 /opt/devkitpro/libogc/lib/wii/libogc.a(video.o)
                0x800257fc                VIDEO_GetPreferredMode
 .text.VIDEO_GetCurrentLine
                0x80025904       0x94 /opt/devkitpro/libogc/lib/wii/libogc.a(video.o)
                0x80025904                VIDEO_GetCurrentLine
 .text.VIDEO_GetFrameBufferSize
                0x80025998       0x34 /opt/devkitpro/libogc/lib/wii/libogc.a(video.o)
                0x80025998                VIDEO_GetFrameBufferSize
 .text.__call_resetfuncs
                0x800259cc       0xdc /opt/devkitpro/libogc/lib/wii/libogc.a(system.o)
 .text.__MEMInterruptHandler
                0x80025aa8       0x14 /opt/devkitpro/libogc/lib/wii/libogc.a(system.o)
 .text.__RSWDefaultHandler
                0x80025abc        0x4 /opt/devkitpro/libogc/lib/wii/libogc.a(system.o)
 .text.__POWDefaultHandler
                0x80025ac0        0x4 /opt/devkitpro/libogc/lib/wii/libogc.a(system.o)
 .text.__getrtc
                0x80025ac4      0x14c /opt/devkitpro/libogc/lib/wii/libogc.a(system.o)
 .text.__sram_write
                0x80025c10      0x144 /opt/devkitpro/libogc/lib/wii/libogc.a(system.o)
 .text.__sram_writecallback
                0x80025d54       0x54 /opt/devkitpro/libogc/lib/wii/libogc.a(system.o)
 .text.__mem_onreset
                0x80025da8       0x48 /opt/devkitpro/libogc/lib/wii/libogc.a(system.o)
 .text.__unlocksram
                0x80025df0      0x120 /opt/devkitpro/libogc/lib/wii/libogc.a(system.o)
 .text.SYS_MainLoop
                0x80025f10       0x34 /opt/devkitpro/libogc/lib/wii/libogc.a(system.o)
                0x80025f10                SYS_MainLoop
 .text.__syscall_malloc_lock
                0x80025f44       0x4c /opt/devkitpro/libogc/lib/wii/libogc.a(system.o)
                0x80025f44                __syscall_malloc_lock
 .text.__syscall_malloc_unlock
                0x80025f90       0x1c /opt/devkitpro/libogc/lib/wii/libogc.a(system.o)
                0x80025f90                __syscall_malloc_unlock
 .text.__syscall_gettod_r
                0x80025fac        0x4 /opt/devkitpro/libogc/lib/wii/libogc.a(system.o)
                0x80025fac                __syscall_gettod_r
 .text.__SYS_GetRTC
                0x80025fb0       0x98 /opt/devkitpro/libogc/lib/wii/libogc.a(system.o)
                0x80025fb0                __SYS_GetRTC
 .text.__SYS_SetBootTime
                0x80026048       0xe0 /opt/devkitpro/libogc/lib/wii/libogc.a(system.o)
                0x80026048                __SYS_SetBootTime
 .text.__SYS_GetIPCBufferLo
                0x80026128        0x8 /opt/devkitpro/libogc/lib/wii/libogc.a(system.o)
                0x80026128                __SYS_GetIPCBufferLo
 .text.__SYS_GetIPCBufferHi
                0x80026130        0x8 /opt/devkitpro/libogc/lib/wii/libogc.a(system.o)
                0x80026130                __SYS_GetIPCBufferHi
 .text.SYS_DoPowerCB
                0x80026138       0xdc /opt/devkitpro/libogc/lib/wii/libogc.a(system.o)
                0x80026138                SYS_DoPowerCB
 .text.__STMEventHandler
                0x80026214       0xf8 /opt/devkitpro/libogc/lib/wii/libogc.a(system.o)
 .text.__SYS_DisablePowerButton
                0x8002630c       0x38 /opt/devkitpro/libogc/lib/wii/libogc.a(system.o)
                0x8002630c                __SYS_DisablePowerButton
 .text.__SYS_PreInit
                0x80026344        0x4 /opt/devkitpro/libogc/lib/wii/libogc.a(system.o)
                0x80026344                __SYS_PreInit
 .text.__SYS_InstallPanicHandler
                0x80026348       0x10 /opt/devkitpro/libogc/lib/wii/libogc.a(system.o)
                0x80026348                __SYS_InstallPanicHandler
 .text.SYS_PreMain
                0x80026358       0x7c /opt/devkitpro/libogc/lib/wii/libogc.a(system.o)
                0x80026358                SYS_PreMain
 .text.SYS_ResetButtonDown
                0x800263d4       0x18 /opt/devkitpro/libogc/lib/wii/libogc.a(system.o)
                0x800263d4                SYS_ResetButtonDown
 .text.SYS_ResetSystem
                0x800263ec      0x214 /opt/devkitpro/libogc/lib/wii/libogc.a(system.o)
                0x800263ec                SYS_ResetSystem
 .text.__reload
                0x80026600       0x80 /opt/devkitpro/libogc/lib/wii/libogc.a(system.o)
                0x80026600                __reload
 .text.__syscall_exit
                0x80026680       0x9c /opt/devkitpro/libogc/lib/wii/libogc.a(system.o)
                0x80026680                __syscall_exit
 .text.SYS_RegisterResetFunc
                0x8002671c       0x6c /opt/devkitpro/libogc/lib/wii/libogc.a(system.o)
                0x8002671c                SYS_RegisterResetFunc
 .text.SYS_SetArena1Lo
                0x80026788       0x24 /opt/devkitpro/libogc/lib/wii/libogc.a(system.o)
                0x80026788                SYS_SetArena1Lo
 .text.SYS_GetArena1Lo
                0x800267ac       0x24 /opt/devkitpro/libogc/lib/wii/libogc.a(system.o)
                0x800267ac                SYS_GetArena1Lo
 .text.SYS_GetArena1Hi
                0x800267d0       0x24 /opt/devkitpro/libogc/lib/wii/libogc.a(system.o)
                0x800267d0                SYS_GetArena1Hi
 .text.SYS_SetArena2Lo
                0x800267f4       0x24 /opt/devkitpro/libogc/lib/wii/libogc.a(system.o)
                0x800267f4                SYS_SetArena2Lo
 .text.SYS_GetArena2Lo
                0x80026818       0x24 /opt/devkitpro/libogc/lib/wii/libogc.a(system.o)
                0x80026818                SYS_GetArena2Lo
 .text.SYS_SetArena2Hi
                0x8002683c       0x24 /opt/devkitpro/libogc/lib/wii/libogc.a(system.o)
                0x8002683c                SYS_SetArena2Hi
 .text.SYS_GetArena2Hi
                0x80026860       0x24 /opt/devkitpro/libogc/lib/wii/libogc.a(system.o)
                0x80026860                SYS_GetArena2Hi
 .text.SYS_AllocateFramebuffer
                0x80026884       0x28 /opt/devkitpro/libogc/lib/wii/libogc.a(system.o)
                0x80026884                SYS_AllocateFramebuffer
 .text.SYS_GetWirelessID
                0x800268ac       0x78 /opt/devkitpro/libogc/lib/wii/libogc.a(system.o)
                0x800268ac                SYS_GetWirelessID
 .text.SYS_SetWirelessID
                0x80026924       0x84 /opt/devkitpro/libogc/lib/wii/libogc.a(system.o)
                0x80026924                SYS_SetWirelessID
 .text.SYS_SetGBSMode
                0x800269a8       0x9c /opt/devkitpro/libogc/lib/wii/libogc.a(system.o)
                0x800269a8                SYS_SetGBSMode
 .text.__sram_init
                0x80026a44      0x1b0 /opt/devkitpro/libogc/lib/wii/libogc.a(system.o)
                0x80026a44                __sram_init
 .text.SYS_Init
                0x80026bf4      0x4a4 /opt/devkitpro/libogc/lib/wii/libogc.a(system.o)
                0x80026bf4                SYS_Init
 .text.SYS_GetHollywoodRevision
                0x80027098       0x3c /opt/devkitpro/libogc/lib/wii/libogc.a(system.o)
                0x80027098                SYS_GetHollywoodRevision
 .text.SYS_Time
                0x800270d4       0x54 /opt/devkitpro/libogc/lib/wii/libogc.a(system.o)
                0x800270d4                SYS_Time
 .text.__GX_InitRevBits
                0x80027128       0x9c /opt/devkitpro/libogc/lib/wii/libogc.a(gx.o)
 .text.__GX_WaitAbort
                0x800271c4       0x68 /opt/devkitpro/libogc/lib/wii/libogc.a(gx.o)
 .text.__GXTokenInterruptHandler
                0x8002722c       0x6c /opt/devkitpro/libogc/lib/wii/libogc.a(gx.o)
 .text.__GXDefTexRegionCallback
                0x80027298       0x7c /opt/devkitpro/libogc/lib/wii/libogc.a(gx.o)
 .text.__GXDefTlutRegionCallback
                0x80027314       0x18 /opt/devkitpro/libogc/lib/wii/libogc.a(gx.o)
 .text.__SetSURegs
                0x8002732c       0x90 /opt/devkitpro/libogc/lib/wii/libogc.a(gx.o)
 .text.__SETVCDATTR
                0x800273bc      0x230 /opt/devkitpro/libogc/lib/wii/libogc.a(gx.o)
 .text.__SETVCDFMT
                0x800275ec      0x4cc /opt/devkitpro/libogc/lib/wii/libogc.a(gx.o)
 .text.__GXCPInterruptHandler
                0x80027ab8      0x160 /opt/devkitpro/libogc/lib/wii/libogc.a(gx.o)
 .text.__GXFinishInterruptHandler
                0x80027c18       0x58 /opt/devkitpro/libogc/lib/wii/libogc.a(gx.o)
 .text.GX_SetTexCoordGen2.part.0
                0x80027c70      0x278 /opt/devkitpro/libogc/lib/wii/libogc.a(gx.o)
 .text.GX_InitTexObj.part.0
                0x80027ee8      0x1c4 /opt/devkitpro/libogc/lib/wii/libogc.a(gx.o)
 .text.__GX_SetDirtyState
                0x800280ac      0x64c /opt/devkitpro/libogc/lib/wii/libogc.a(gx.o)
 .text.GX_SetCPUFifo
                0x800286f8      0x224 /opt/devkitpro/libogc/lib/wii/libogc.a(gx.o)
                0x800286f8                GX_SetCPUFifo
 .text.GX_SetGPFifo
                0x8002891c      0x2a8 /opt/devkitpro/libogc/lib/wii/libogc.a(gx.o)
                0x8002891c                GX_SetGPFifo
 .text.GX_Flush
                0x80028bc4       0x98 /opt/devkitpro/libogc/lib/wii/libogc.a(gx.o)
                0x80028bc4                GX_Flush
 .text.GX_AbortFrame
                0x80028c5c      0x294 /opt/devkitpro/libogc/lib/wii/libogc.a(gx.o)
                0x80028c5c                GX_AbortFrame
 .text.__gx_onreset
                0x80028ef0       0x38 /opt/devkitpro/libogc/lib/wii/libogc.a(gx.o)
 .text.GX_DrawDone
                0x80028f28       0xb0 /opt/devkitpro/libogc/lib/wii/libogc.a(gx.o)
                0x80028f28                GX_DrawDone
 .text.GX_SetViewport
                0x80028fd8       0x78 /opt/devkitpro/libogc/lib/wii/libogc.a(gx.o)
                0x80028fd8                GX_SetViewport
 .text.GX_LoadProjectionMtx
                0x80029050       0xf0 /opt/devkitpro/libogc/lib/wii/libogc.a(gx.o)
                0x80029050                GX_LoadProjectionMtx
 .text.GX_SetCopyClear
                0x80029140       0x4c /opt/devkitpro/libogc/lib/wii/libogc.a(gx.o)
                0x80029140                GX_SetCopyClear
 .text.GX_SetDispCopyGamma
                0x8002918c       0x18 /opt/devkitpro/libogc/lib/wii/libogc.a(gx.o)
                0x8002918c                GX_SetDispCopyGamma
 .text.GX_SetCopyFilter
                0x800291a4      0x25c /opt/devkitpro/libogc/lib/wii/libogc.a(gx.o)
                0x800291a4                GX_SetCopyFilter
 .text.GX_SetDispCopyYScale
                0x80029400       0xf8 /opt/devkitpro/libogc/lib/wii/libogc.a(gx.o)
                0x80029400                GX_SetDispCopyYScale
 .text.GX_SetDispCopyDst
                0x800294f8       0x20 /opt/devkitpro/libogc/lib/wii/libogc.a(gx.o)
                0x800294f8                GX_SetDispCopyDst
 .text.GX_SetDispCopySrc
                0x80029518       0x38 /opt/devkitpro/libogc/lib/wii/libogc.a(gx.o)
                0x80029518                GX_SetDispCopySrc
 .text.GX_CopyDisp
                0x80029550      0x124 /opt/devkitpro/libogc/lib/wii/libogc.a(gx.o)
                0x80029550                GX_CopyDisp
 .text.GX_SetVtxDesc
                0x80029674       0x34 /opt/devkitpro/libogc/lib/wii/libogc.a(gx.o)
                0x80029674                GX_SetVtxDesc
 .text.GX_SetVtxAttrFmt
                0x800296a8       0x54 /opt/devkitpro/libogc/lib/wii/libogc.a(gx.o)
                0x800296a8                GX_SetVtxAttrFmt
 .text.GX_Begin
                0x800296fc       0x6c /opt/devkitpro/libogc/lib/wii/libogc.a(gx.o)
                0x800296fc                GX_Begin
 .text.GX_SetTexCoordGen
                0x80029768       0x14 /opt/devkitpro/libogc/lib/wii/libogc.a(gx.o)
                0x80029768                GX_SetTexCoordGen
 .text.GX_LoadPosMtxImm
                0x8002977c       0x50 /opt/devkitpro/libogc/lib/wii/libogc.a(gx.o)
                0x8002977c                GX_LoadPosMtxImm
 .text.GX_SetNumTexGens
                0x800297cc       0x28 /opt/devkitpro/libogc/lib/wii/libogc.a(gx.o)
                0x800297cc                GX_SetNumTexGens
 .text.GX_InvVtxCache
                0x800297f4       0x14 /opt/devkitpro/libogc/lib/wii/libogc.a(gx.o)
                0x800297f4                GX_InvVtxCache
 .text.GX_SetZMode
                0x80029808       0x38 /opt/devkitpro/libogc/lib/wii/libogc.a(gx.o)
                0x80029808                GX_SetZMode
 .text.GX_InitTexObj
                0x80029840        0xc /opt/devkitpro/libogc/lib/wii/libogc.a(gx.o)
                0x80029840                GX_InitTexObj
 .text.GX_InitTexObjLOD
                0x8002984c      0x238 /opt/devkitpro/libogc/lib/wii/libogc.a(gx.o)
                0x8002984c                GX_InitTexObjLOD
 .text.GX_LoadTexObjPreloaded
                0x80029a84      0x188 /opt/devkitpro/libogc/lib/wii/libogc.a(gx.o)
                0x80029a84                GX_LoadTexObjPreloaded
 .text.GX_LoadTexObj
                0x80029c0c       0x58 /opt/devkitpro/libogc/lib/wii/libogc.a(gx.o)
                0x80029c0c                GX_LoadTexObj
 .text.GX_InvalidateTexAll
                0x80029c64       0x50 /opt/devkitpro/libogc/lib/wii/libogc.a(gx.o)
                0x80029c64                GX_InvalidateTexAll
 .text.GX_SetBlendMode
                0x80029cb4       0xd4 /opt/devkitpro/libogc/lib/wii/libogc.a(gx.o)
                0x80029cb4                GX_SetBlendMode
 .text.GX_ClearVtxDesc
                0x80029d88       0x38 /opt/devkitpro/libogc/lib/wii/libogc.a(gx.o)
                0x80029d88                GX_ClearVtxDesc
 .text.GX_SetTevColorIn
                0x80029dc0       0x44 /opt/devkitpro/libogc/lib/wii/libogc.a(gx.o)
                0x80029dc0                GX_SetTevColorIn
 .text.GX_SetTevAlphaIn
                0x80029e04       0x44 /opt/devkitpro/libogc/lib/wii/libogc.a(gx.o)
                0x80029e04                GX_SetTevAlphaIn
 .text.GX_SetTevColorOp
                0x80029e48       0x98 /opt/devkitpro/libogc/lib/wii/libogc.a(gx.o)
                0x80029e48                GX_SetTevColorOp
 .text.GX_SetTevAlphaOp
                0x80029ee0       0x98 /opt/devkitpro/libogc/lib/wii/libogc.a(gx.o)
                0x80029ee0                GX_SetTevAlphaOp
 .text.GX_SetTevOp
                0x80029f78      0x170 /opt/devkitpro/libogc/lib/wii/libogc.a(gx.o)
                0x80029f78                GX_SetTevOp
 .text.GX_SetCullMode
                0x8002a0e8       0x2c /opt/devkitpro/libogc/lib/wii/libogc.a(gx.o)
                0x8002a0e8                GX_SetCullMode
 .text.GX_SetScissor
                0x8002a114       0x78 /opt/devkitpro/libogc/lib/wii/libogc.a(gx.o)
                0x8002a114                GX_SetScissor
 .text.GX_SetNumChans
                0x8002a18c       0x28 /opt/devkitpro/libogc/lib/wii/libogc.a(gx.o)
                0x8002a18c                GX_SetNumChans
 .text.GX_SetTevOrder
                0x8002a1b4      0x178 /opt/devkitpro/libogc/lib/wii/libogc.a(gx.o)
                0x8002a1b4                GX_SetTevOrder
 .text.GX_SetTevKColorSel
                0x8002a32c       0x54 /opt/devkitpro/libogc/lib/wii/libogc.a(gx.o)
                0x8002a32c                GX_SetTevKColorSel
 .text.GX_SetTevKAlphaSel
                0x8002a380       0x54 /opt/devkitpro/libogc/lib/wii/libogc.a(gx.o)
                0x8002a380                GX_SetTevKAlphaSel
 .text.GX_SetTevSwapModeTable
                0x8002a3d4       0x64 /opt/devkitpro/libogc/lib/wii/libogc.a(gx.o)
                0x8002a3d4                GX_SetTevSwapModeTable
 .text.GX_SetFog
                0x8002a438      0x244 /opt/devkitpro/libogc/lib/wii/libogc.a(gx.o)
                0x8002a438                GX_SetFog
 .text.GX_SetColorUpdate
                0x8002a67c       0x30 /opt/devkitpro/libogc/lib/wii/libogc.a(gx.o)
                0x8002a67c                GX_SetColorUpdate
 .text.GX_SetAlphaUpdate
                0x8002a6ac       0x30 /opt/devkitpro/libogc/lib/wii/libogc.a(gx.o)
                0x8002a6ac                GX_SetAlphaUpdate
 .text.GX_SetPixelFmt
                0x8002a6dc       0xe0 /opt/devkitpro/libogc/lib/wii/libogc.a(gx.o)
                0x8002a6dc                GX_SetPixelFmt
 .text.GX_SetDither
                0x8002a7bc       0x30 /opt/devkitpro/libogc/lib/wii/libogc.a(gx.o)
                0x8002a7bc                GX_SetDither
 .text.GX_SetFieldMode
                0x8002a7ec       0x58 /opt/devkitpro/libogc/lib/wii/libogc.a(gx.o)
                0x8002a7ec                GX_SetFieldMode
 .text.GX_SetGPMetric
                0x8002a844      0x7fc /opt/devkitpro/libogc/lib/wii/libogc.a(gx.o)
                0x8002a844                GX_SetGPMetric
 .text.GX_Init  0x8002b040     0x1128 /opt/devkitpro/libogc/lib/wii/libogc.a(gx.o)
                0x8002b040                GX_Init
 .text.GX_GetYScaleFactor
                0x8002c168      0x2c0 /opt/devkitpro/libogc/lib/wii/libogc.a(gx.o)
                0x8002c168                GX_GetYScaleFactor
 .text.guOrtho  0x8002c428       0x98 /opt/devkitpro/libogc/lib/wii/libogc.a(gu.o)
                0x8002c428                guOrtho
 .text          0x8002c4c0      0x8dc /opt/devkitpro/libogc/lib/wii/libogc.a(gu_psasm.o)
                0x8002c4c0                ps_guMtxConcat
                0x8002c584                ps_guMtxIdentity
                0x8002c5b0                ps_guMtxCopy
                0x8002c5e4                ps_guMtxTranspose
                0x8002c634                ps_guMtxInverse
                0x8002c72c                ps_guMtxInvXpose
                0x8002c7f4                ps_guMtxScale
                0x8002c81c                ps_guMtxScaleApply
                0x8002c874                ps_guMtxApplyScale
                0x8002c8d8                ps_guMtxTrans
                0x8002c90c                ps_guMtxTransApply
                0x8002c958                ps_guMtxApplyTrans
                0x8002c9d4                ps_guMtxRotTrig
                0x8002ca84                __ps_guMtxRotAxisRadInternal
                0x8002cb44                ps_guMtxReflect
                0x8002cbb4                ps_guVecAdd
                0x8002cbd8                ps_guVecSub
                0x8002cbfc                ps_guVecScale
                0x8002cc18                ps_guVecNormalize
                0x8002cc5c                ps_guVecCross
                0x8002cc98                ps_guVecDotProduct
                0x8002ccb8                ps_guVecMultiply
                0x8002cd0c                ps_guVecMultiplySR
                0x8002cd7c                ps_guQuatDotProduct
 .text.__AISRCINIT
                0x8002cd9c      0x1e4 /opt/devkitpro/libogc/lib/wii/libogc.a(audio.o)
 .text.__AIDHandler
                0x8002cf80       0xd4 /opt/devkitpro/libogc/lib/wii/libogc.a(audio.o)
 .text.AUDIO_Init
                0x8002d054      0x13c /opt/devkitpro/libogc/lib/wii/libogc.a(audio.o)
                0x8002d054                AUDIO_Init
 .text.AUDIO_RegisterDMACallback
                0x8002d190       0x2c /opt/devkitpro/libogc/lib/wii/libogc.a(audio.o)
                0x8002d190                AUDIO_RegisterDMACallback
 .text.AUDIO_InitDMA
                0x8002d1bc       0x50 /opt/devkitpro/libogc/lib/wii/libogc.a(audio.o)
                0x8002d1bc                AUDIO_InitDMA
 .text.AUDIO_StartDMA
                0x8002d20c       0x1c /opt/devkitpro/libogc/lib/wii/libogc.a(audio.o)
                0x8002d20c                AUDIO_StartDMA
 .text.AUDIO_StopDMA
                0x8002d228       0x18 /opt/devkitpro/libogc/lib/wii/libogc.a(audio.o)
                0x8002d228                AUDIO_StopDMA
 .text.AUDIO_SetDSPSampleRate
                0x8002d240       0x88 /opt/devkitpro/libogc/lib/wii/libogc.a(audio.o)
                0x8002d240                AUDIO_SetDSPSampleRate
 .text.__dsp_exectask
                0x8002d2c8      0x264 /opt/devkitpro/libogc/lib/wii/libogc.a(dsp.o)
 .text.__dsp_inthandler
                0x8002d52c       0x30 /opt/devkitpro/libogc/lib/wii/libogc.a(dsp.o)
 .text.__dsp_removetask
                0x8002d55c       0x74 /opt/devkitpro/libogc/lib/wii/libogc.a(dsp.o)
 .text.__dsp_def_taskcb
                0x8002d5d0      0x404 /opt/devkitpro/libogc/lib/wii/libogc.a(dsp.o)
 .text.DSP_Init
                0x8002d9d4       0xd8 /opt/devkitpro/libogc/lib/wii/libogc.a(dsp.o)
                0x8002d9d4                DSP_Init
 .text.DSP_CheckMailTo
                0x8002daac       0x14 /opt/devkitpro/libogc/lib/wii/libogc.a(dsp.o)
                0x8002daac                DSP_CheckMailTo
 .text.DSP_SendMailTo
                0x8002dac0       0x18 /opt/devkitpro/libogc/lib/wii/libogc.a(dsp.o)
                0x8002dac0                DSP_SendMailTo
 .text.DSP_AddTask
                0x8002dad8      0x29c /opt/devkitpro/libogc/lib/wii/libogc.a(dsp.o)